Archive member included to satisfy reference by file (symbol)

c:/src/winarm/armgcc/bin/../lib/gcc/arm-none-eabi/7.2.1/thumb/v7e-m\libgcc.a(_aeabi_ldivmod.o)
                              ./src/HLCD_Program.o (__aeabi_ldivmod)
c:/src/winarm/armgcc/bin/../lib/gcc/arm-none-eabi/7.2.1/thumb/v7e-m\libgcc.a(_aeabi_uldivmod.o)
                              ./src/HLCD_Program.o (__aeabi_uldivmod)
c:/src/winarm/armgcc/bin/../lib/gcc/arm-none-eabi/7.2.1/thumb/v7e-m\libgcc.a(_udivmoddi4.o)
                              c:/src/winarm/armgcc/bin/../lib/gcc/arm-none-eabi/7.2.1/thumb/v7e-m\libgcc.a(_aeabi_ldivmod.o) (__udivmoddi4)
c:/src/winarm/armgcc/bin/../lib/gcc/arm-none-eabi/7.2.1/thumb/v7e-m\libgcc.a(_dvmd_tls.o)
                              c:/src/winarm/armgcc/bin/../lib/gcc/arm-none-eabi/7.2.1/thumb/v7e-m\libgcc.a(_aeabi_ldivmod.o) (__aeabi_ldiv0)
c:/src/winarm/armgcc/bin/../lib/gcc/arm-none-eabi/7.2.1/../../../../arm-none-eabi/lib/thumb/v7e-m\libg_nano.a(lib_a-errno.o)
                              ./system/src/newlib/_sbrk.o (__errno)
c:/src/winarm/armgcc/bin/../lib/gcc/arm-none-eabi/7.2.1/../../../../arm-none-eabi/lib/thumb/v7e-m\libg_nano.a(lib_a-impure.o)
                              c:/src/winarm/armgcc/bin/../lib/gcc/arm-none-eabi/7.2.1/../../../../arm-none-eabi/lib/thumb/v7e-m\libg_nano.a(lib_a-errno.o) (_impure_ptr)
c:/src/winarm/armgcc/bin/../lib/gcc/arm-none-eabi/7.2.1/../../../../arm-none-eabi/lib/thumb/v7e-m\libg_nano.a(lib_a-strlen.o)
                              ./system/src/diag/Trace.o (strlen)
c:/src/winarm/armgcc/bin/../lib/gcc/arm-none-eabi/7.2.1/../../../../arm-none-eabi/lib/thumb/v7e-m\libg_nano.a(lib_a-vsnprintf.o)
                              ./system/src/diag/Trace.o (vsnprintf)
c:/src/winarm/armgcc/bin/../lib/gcc/arm-none-eabi/7.2.1/../../../../arm-none-eabi/lib/thumb/v7e-m\libg_nano.a(lib_a-nano-svfprintf.o)
                              c:/src/winarm/armgcc/bin/../lib/gcc/arm-none-eabi/7.2.1/../../../../arm-none-eabi/lib/thumb/v7e-m\libg_nano.a(lib_a-vsnprintf.o) (_svfprintf_r)
c:/src/winarm/armgcc/bin/../lib/gcc/arm-none-eabi/7.2.1/../../../../arm-none-eabi/lib/thumb/v7e-m\libg_nano.a(lib_a-nano-vfprintf_i.o)
                              c:/src/winarm/armgcc/bin/../lib/gcc/arm-none-eabi/7.2.1/../../../../arm-none-eabi/lib/thumb/v7e-m\libg_nano.a(lib_a-nano-svfprintf.o) (_printf_i)
c:/src/winarm/armgcc/bin/../lib/gcc/arm-none-eabi/7.2.1/../../../../arm-none-eabi/lib/thumb/v7e-m\libg_nano.a(lib_a-memchr.o)
                              c:/src/winarm/armgcc/bin/../lib/gcc/arm-none-eabi/7.2.1/../../../../arm-none-eabi/lib/thumb/v7e-m\libg_nano.a(lib_a-nano-svfprintf.o) (memchr)
c:/src/winarm/armgcc/bin/../lib/gcc/arm-none-eabi/7.2.1/../../../../arm-none-eabi/lib/thumb/v7e-m\libg_nano.a(lib_a-memcpy-stub.o)
                              c:/src/winarm/armgcc/bin/../lib/gcc/arm-none-eabi/7.2.1/../../../../arm-none-eabi/lib/thumb/v7e-m\libg_nano.a(lib_a-nano-svfprintf.o) (memcpy)
c:/src/winarm/armgcc/bin/../lib/gcc/arm-none-eabi/7.2.1/../../../../arm-none-eabi/lib/thumb/v7e-m\libg_nano.a(lib_a-memmove.o)
                              c:/src/winarm/armgcc/bin/../lib/gcc/arm-none-eabi/7.2.1/../../../../arm-none-eabi/lib/thumb/v7e-m\libg_nano.a(lib_a-nano-svfprintf.o) (memmove)
c:/src/winarm/armgcc/bin/../lib/gcc/arm-none-eabi/7.2.1/../../../../arm-none-eabi/lib/thumb/v7e-m\libg_nano.a(lib_a-nano-freer.o)
                              c:/src/winarm/armgcc/bin/../lib/gcc/arm-none-eabi/7.2.1/../../../../arm-none-eabi/lib/thumb/v7e-m\libg_nano.a(lib_a-nano-svfprintf.o) (_free_r)
c:/src/winarm/armgcc/bin/../lib/gcc/arm-none-eabi/7.2.1/../../../../arm-none-eabi/lib/thumb/v7e-m\libg_nano.a(lib_a-nano-mallocr.o)
                              c:/src/winarm/armgcc/bin/../lib/gcc/arm-none-eabi/7.2.1/../../../../arm-none-eabi/lib/thumb/v7e-m\libg_nano.a(lib_a-nano-svfprintf.o) (_malloc_r)
c:/src/winarm/armgcc/bin/../lib/gcc/arm-none-eabi/7.2.1/../../../../arm-none-eabi/lib/thumb/v7e-m\libg_nano.a(lib_a-nano-reallocr.o)
                              c:/src/winarm/armgcc/bin/../lib/gcc/arm-none-eabi/7.2.1/../../../../arm-none-eabi/lib/thumb/v7e-m\libg_nano.a(lib_a-nano-svfprintf.o) (_realloc_r)
c:/src/winarm/armgcc/bin/../lib/gcc/arm-none-eabi/7.2.1/../../../../arm-none-eabi/lib/thumb/v7e-m\libg_nano.a(lib_a-sbrkr.o)
                              c:/src/winarm/armgcc/bin/../lib/gcc/arm-none-eabi/7.2.1/../../../../arm-none-eabi/lib/thumb/v7e-m\libg_nano.a(lib_a-nano-mallocr.o) (_sbrk_r)
c:/src/winarm/armgcc/bin/../lib/gcc/arm-none-eabi/7.2.1/../../../../arm-none-eabi/lib/thumb/v7e-m\libg_nano.a(lib_a-mlock.o)
                              c:/src/winarm/armgcc/bin/../lib/gcc/arm-none-eabi/7.2.1/../../../../arm-none-eabi/lib/thumb/v7e-m\libg_nano.a(lib_a-nano-freer.o) (__malloc_lock)
c:/src/winarm/armgcc/bin/../lib/gcc/arm-none-eabi/7.2.1/../../../../arm-none-eabi/lib/thumb/v7e-m\libg_nano.a(lib_a-nano-msizer.o)
[...]
Memory Configuration

Name             Origin             Length             Attributes
RAM              0x20000000         0x00010000         xrw
CCMRAM           0x10000000         0x00000000         xrw
FLASH            0x08000000         0x00040000         xr
FLASHB1          0x00000000         0x00000000         xr
EXTMEMB0         0x00000000         0x00000000         xr
EXTMEMB1         0x00000000         0x00000000         xr
EXTMEMB2         0x00000000         0x00000000         xr
EXTMEMB3         0x00000000         0x00000000         xr
*default*        0x00000000         0xffffffff

Linker script and memory map

LOAD ./system/src/stm32f4-hal/stm32f4xx_hal.o
LOAD ./system/src/stm32f4-hal/stm32f4xx_hal_cortex.o
LOAD ./system/src/stm32f4-hal/stm32f4xx_hal_dfsdm.o
LOAD ./system/src/stm32f4-hal/stm32f4xx_hal_flash.o
LOAD ./system/src/stm32f4-hal/stm32f4xx_hal_gpio.o
LOAD ./system/src/stm32f4-hal/stm32f4xx_hal_iwdg.o
LOAD ./system/src/stm32f4-hal/stm32f4xx_hal_pwr.o
LOAD ./system/src/stm32f4-hal/stm32f4xx_hal_rcc.o
LOAD ./system/src/newlib/_cxx.o
LOAD ./system/src/newlib/_exit.o
LOAD ./system/src/newlib/_sbrk.o
LOAD ./system/src/newlib/_startup.o
LOAD ./system/src/newlib/_syscalls.o
LOAD ./system/src/newlib/assert.o
LOAD ./system/src/diag/Trace.o
LOAD ./system/src/diag/trace_impl.o
LOAD ./system/src/cortexm/_initialize_hardware.o
LOAD ./system/src/cortexm/_reset_hardware.o
LOAD ./system/src/cortexm/exception_handlers.o
LOAD ./system/src/cmsis/system_stm32f4xx.o
LOAD ./system/src/cmsis/vectors_stm32f401xc.o
LOAD ./src/HDAC_Program.o
LOAD ./src/HIR_Program.o
LOAD ./src/HKPD_Program.o
LOAD ./src/HLCD_Program.o
LOAD ./src/HLDMX_Program.o
LOAD ./src/HS2P_Program.o
LOAD ./src/HTFT_Program.o
LOAD ./src/MDMA_Program.o
LOAD ./src/MEXTI_Config.o
LOAD ./src/MEXTI_Program.o
LOAD ./src/MGPIO_Program.o
LOAD ./src/MNVIC_Program.o
LOAD ./src/MRCC_Program.o
LOAD ./src/MSPI_Program.o
LOAD ./src/MSYSTICK_Program.o
LOAD ./src/MUSART_Program.o
LOAD ./src/SRTOS_Program.o
LOAD ./src/_initialize_hardware.o
LOAD ./src/_write.o
LOAD ./src/main.o
LOAD ./src/stm32f4xx_hal_msp.o
LOAD c:/src/winarm/armgcc/bin/../lib/gcc/arm-none-eabi/7.2.1/../../../../arm-none-eabi/lib/thumb/v7e-m\libstdc++_nano.a
LOAD c:/src/winarm/armgcc/bin/../lib/gcc/arm-none-eabi/7.2.1/../../../../arm-none-eabi/lib/thumb/v7e-m\libm.a
START GROUP
LOAD c:/src/winarm/armgcc/bin/../lib/gcc/arm-none-eabi/7.2.1/thumb/v7e-m\libgcc.a
LOAD c:/src/winarm/armgcc/bin/../lib/gcc/arm-none-eabi/7.2.1/../../../../arm-none-eabi/lib/thumb/v7e-m\libg_nano.a
LOAD c:/src/winarm/armgcc/bin/../lib/gcc/arm-none-eabi/7.2.1/../../../../arm-none-eabi/lib/thumb/v7e-m\libc_nano.a
END GROUP
START GROUP
LOAD c:/src/winarm/armgcc/bin/../lib/gcc/arm-none-eabi/7.2.1/thumb/v7e-m\libgcc.a
LOAD c:/src/winarm/armgcc/bin/../lib/gcc/arm-none-eabi/7.2.1/../../../../arm-none-eabi/lib/thumb/v7e-m\libc_nano.a
END GROUP
                0x20010000                __stack = (ORIGIN (RAM) + LENGTH (RAM))
                0x20010000                _estack = __stack
                0x00000400                __Main_Stack_Size = 0x400
                [!provide]                PROVIDE (_Main_Stack_Size, __Main_Stack_Size)
                0x2000fc00                __Main_Stack_Limit = (__stack - __Main_Stack_Size)
                [!provide]                PROVIDE (_Main_Stack_Limit, __Main_Stack_Limit)
                0x00000100                _Minimum_Stack_Size = 0x100
                0x200002f8                PROVIDE (_Heap_Begin, _end_noinit)
                0x2000fc00                PROVIDE (_Heap_Limit, (__stack - __Main_Stack_Size))

.isr_vector     0x08000000      0x3f4
 FILL mask 0xff
                0x08000000                __vectors_start = ABSOLUTE (.)
                0x08000000                __vectors_start__ = ABSOLUTE (.)
 *(.isr_vector)
 .isr_vector    0x08000000      0x194 ./system/src/cmsis/vectors_stm32f401xc.o
                0x08000000                __isr_vectors
 *(.cfmconfig)
 *(.after_vectors .after_vectors.*)
 .after_vectors
                0x08000194      0x130 ./system/src/newlib/_startup.o
                0x08000194                _start
 .after_vectors
                0x080002c4      0x12c ./system/src/cortexm/exception_handlers.o
                0x080002c4                Reset_Handler
                0x080002ca                NMI_Handler
                0x080002ce                HardFault_Handler
                0x080002e2                HardFault_Handler_C
                0x08000340                MemManage_Handler
                0x08000344                BusFault_Handler
                0x08000358                BusFault_Handler_C
                0x0800038c                UsageFault_Handler
                0x080003a0                UsageFault_Handler_C
                0x080003d4                SVC_Handler
                0x080003d8                DebugMon_Handler
                0x080003dc                PendSV_Handler
 .after_vectors
                0x080003f0        0x4 ./system/src/cmsis/vectors_stm32f401xc.o
                0x080003f0                RTC_Alarm_IRQHandler
                0x080003f0                SPI4_IRQHandler
                0x080003f0                TIM1_CC_IRQHandler
                0x080003f0                DMA1_Stream5_IRQHandler
                0x080003f0                PVD_IRQHandler
                0x080003f0                SDIO_IRQHandler
                0x080003f0                TAMP_STAMP_IRQHandler
                0x080003f0                TIM1_UP_TIM10_IRQHandler
                0x080003f0                I2C3_ER_IRQHandler
                0x080003f0                I2C2_EV_IRQHandler
                0x080003f0                DMA1_Stream2_IRQHandler
                0x080003f0                FPU_IRQHandler
                0x080003f0                TIM1_BRK_TIM9_IRQHandler
                0x080003f0                TIM4_IRQHandler
                0x080003f0                I2C1_EV_IRQHandler
                0x080003f0                DMA1_Stream6_IRQHandler
                0x080003f0                DMA1_Stream1_IRQHandler
                0x080003f0                TIM3_IRQHandler
                0x080003f0                RCC_IRQHandler
                0x080003f0                Default_Handler
                0x080003f0                ADC_IRQHandler
                0x080003f0                DMA1_Stream7_IRQHandler
                0x080003f0                TIM5_IRQHandler
                0x080003f0                I2C3_EV_IRQHandler
                0x080003f0                RTC_WKUP_IRQHandler
                0x080003f0                DMA1_Stream0_IRQHandler
                0x080003f0                WWDG_IRQHandler
                0x080003f0                TIM2_IRQHandler
                0x080003f0                OTG_FS_WKUP_IRQHandler
                0x080003f0                TIM1_TRG_COM_TIM11_IRQHandler
                0x080003f0                I2C2_ER_IRQHandler
                0x080003f0                FLASH_IRQHandler
                0x080003f0                OTG_FS_IRQHandler
                0x080003f0                DMA1_Stream4_IRQHandler
                0x080003f0                I2C1_ER_IRQHandler
                0x080003f0                DMA1_Stream3_IRQHandler

.inits          0x080003f4       0x28
                0x080003f4                __data_regions_array_start = .
                0x080003f4        0x4 LONG 0x803594c LOADADDR (.data)
                0x080003f8        0x4 LONG 0x20000000 ADDR (.data)
                0x080003fc        0x4 LONG 0x200000fc (ADDR (.data) + SIZEOF (.data))
                0x08000400        0x4 LONG 0x803594c LOADADDR (.data_CCMRAM)
                0x08000404        0x4 LONG 0x10000000 ADDR (.data_CCMRAM)
                0x08000408        0x4 LONG 0x10000000 (ADDR (.data_CCMRAM) + SIZEOF (.data_CCMRAM))
                0x0800040c                __data_regions_array_end = .
                0x0800040c                __bss_regions_array_start = .
                0x0800040c        0x4 LONG 0x200000fc ADDR (.bss)
                0x08000410        0x4 LONG 0x200002f8 (ADDR (.bss) + SIZEOF (.bss))
                0x08000414        0x4 LONG 0x10000000 ADDR (.bss_CCMRAM)
                0x08000418        0x4 LONG 0x10000000 (ADDR (.bss_CCMRAM) + SIZEOF (.bss_CCMRAM))
                0x0800041c                __bss_regions_array_end = .
 *(.init)
 *(.fini)
                0x0800041c                . = ALIGN (0x4)
                0x0800041c                PROVIDE (__preinit_array_start, .)
 *(.preinit_array_sysinit .preinit_array_sysinit.*)
 *(.preinit_array_platform .preinit_array_platform.*)
 *(.preinit_array .preinit_array.*)
                0x0800041c                PROVIDE (__preinit_array_end, .)
                0x0800041c                . = ALIGN (0x4)
                0x0800041c                PROVIDE (__init_array_start, .)
 *(SORT_BY_NAME(.init_array.*))
 *(.init_array)
                0x0800041c                PROVIDE (__init_array_end, .)
                0x0800041c                . = ALIGN (0x4)
                0x0800041c                PROVIDE (__fini_array_start, .)
 *(SORT_BY_NAME(.fini_array.*))
 *(.fini_array)
                0x0800041c                PROVIDE (__fini_array_end, .)

.flashtext
 *(.flashtext .flashtext.*)

.text           0x08000420    0x3552b
 *(.text .text.*)
 .text.HAL_InitTick
                0x08000420       0x2c ./system/src/stm32f4-hal/stm32f4xx_hal.o
                0x08000420                HAL_InitTick
 .text.HAL_Init
                0x0800044c       0x34 ./system/src/stm32f4-hal/stm32f4xx_hal.o
                0x0800044c                HAL_Init
 .text.HAL_GetTick
                0x08000480        0xc ./system/src/stm32f4-hal/stm32f4xx_hal.o
                0x08000480                HAL_GetTick
 .text.HAL_NVIC_SetPriorityGrouping
                0x0800048c       0x3c ./system/src/stm32f4-hal/stm32f4xx_hal_cortex.o
                0x0800048c                HAL_NVIC_SetPriorityGrouping
 .text.HAL_NVIC_SetPriority
                0x080004c8       0x8c ./system/src/stm32f4-hal/stm32f4xx_hal_cortex.o
                0x080004c8                HAL_NVIC_SetPriority
 .text.HAL_SYSTICK_Config
                0x08000554       0x2c ./system/src/stm32f4-hal/stm32f4xx_hal_cortex.o
                0x08000554                HAL_SYSTICK_Config
 .text.HAL_SYSTICK_CLKSourceConfig
                0x08000580       0x3c ./system/src/stm32f4-hal/stm32f4xx_hal_cortex.o
                0x08000580                HAL_SYSTICK_CLKSourceConfig
 .text.HAL_RCC_OscConfig
                0x080005bc      0x43c ./system/src/stm32f4-hal/stm32f4xx_hal_rcc.o
                0x080005bc                HAL_RCC_OscConfig
 .text.HAL_RCC_GetSysClockFreq
                0x080009f8       0x88 ./system/src/stm32f4-hal/stm32f4xx_hal_rcc.o
                0x080009f8                HAL_RCC_GetSysClockFreq
 .text.HAL_RCC_ClockConfig
                0x08000a80      0x258 ./system/src/stm32f4-hal/stm32f4xx_hal_rcc.o
                0x08000a80                HAL_RCC_ClockConfig
 .text.HAL_RCC_GetHCLKFreq
                0x08000cd8        0xc ./system/src/stm32f4-hal/stm32f4xx_hal_rcc.o
                0x08000cd8                HAL_RCC_GetHCLKFreq
 .text._exit    0x08000ce4        0x2 ./system/src/newlib/_exit.o
                0x08000ce4                _exit
 *fill*         0x08000ce6        0x2 
 .text.abort    0x08000ce8       0x14 ./system/src/newlib/_exit.o
                0x08000ce8                abort
 .text._sbrk    0x08000cfc       0x44 ./system/src/newlib/_sbrk.o
                0x08000cfc                _sbrk
 .text.__initialize_args
                0x08000d40       0x10 ./system/src/newlib/_syscalls.o
                0x08000d40                __initialize_args
 .text.assert_failed
                0x08000d50       0x14 ./system/src/newlib/assert.o
                0x08000d50                assert_failed
 .text.trace_printf
                0x08000d64       0x30 ./system/src/diag/Trace.o
                0x08000d64                trace_printf
 .text.trace_puts
                0x08000d94       0x20 ./system/src/diag/Trace.o
                0x08000d94                trace_puts
 .text._trace_write_semihosting_debug
                0x08000db4       0x60 ./system/src/diag/trace_impl.o
 .text.trace_write
                0x08000e14        0x8 ./system/src/diag/trace_impl.o
                0x08000e14                trace_write
 .text.__initialize_hardware_early
                0x08000e1c       0x18 ./system/src/cortexm/_initialize_hardware.o
                0x08000e1c                __initialize_hardware_early
 .text.dumpExceptionStack
                0x08000e34       0xf4 ./system/src/cortexm/exception_handlers.o
                0x08000e34                dumpExceptionStack
 .text.isSemihosting
                0x08000f28       0x20 ./system/src/cortexm/exception_handlers.o
                0x08000f28                isSemihosting
 .text.SystemInit
                0x08000f48       0x40 ./system/src/cmsis/system_stm32f4xx.o
                0x08000f48                SystemInit
 .text.SystemCoreClockUpdate
                0x08000f88       0x9c ./system/src/cmsis/system_stm32f4xx.o
                0x08000f88                SystemCoreClockUpdate
 .text.HDAC_voidOperate
                0x08001024       0x54 ./src/HDAC_Program.o
 .text.HDAC_voidInit
                0x08001078       0x30 ./src/HDAC_Program.o
                0x08001078                HDAC_voidInit
 .text.HDAC_voidSet
                0x080010a8       0x14 ./src/HDAC_Program.o
                0x080010a8                HDAC_voidSet
 .text.HDAC_voidStart
                0x080010bc       0x10 ./src/HDAC_Program.o
                0x080010bc                HDAC_voidStart
 .text.HIR_voidSetValue
                0x080010cc       0x98 ./src/HIR_Program.o
 .text.HIR_voidOperate
                0x08001164       0x54 ./src/HIR_Program.o
 .text.HIR_voidInit
                0x080011b8       0x1c ./src/HIR_Program.o
                0x080011b8                HIR_voidInit
 .text.HIR_u8GetValue
                0x080011d4       0x10 ./src/HIR_Program.o
                0x080011d4                HIR_u8GetValue
 .text.HS2P_voidSendByte
                0x080011e4       0x62 ./src/HS2P_Program.o
                0x080011e4                HS2P_voidSendByte
 .text.HS2P2_voidSendByte
                0x08001246       0x62 ./src/HS2P_Program.o
                0x08001246                HS2P2_voidSendByte
 .text.HTFT_voidPinInit
                0x080012a8       0x30 ./src/HTFT_Program.o
 .text.HTFT_voidSPIInit
                0x080012d8       0x44 ./src/HTFT_Program.o
 .text.HTFT_voidSendResetSequence
                0x0800131c       0x54 ./src/HTFT_Program.o
 .text.HTFT_voidSendData
                0x08001370       0x22 ./src/HTFT_Program.o
 .text.HTFT_voidSendCommand
                0x08001392       0x22 ./src/HTFT_Program.o
 .text.HTFT_voidInit
                0x080013b4       0x2e ./src/HTFT_Program.o
                0x080013b4                HTFT_voidInit
 .text.HTFT_voidDisplayImg
                0x080013e2       0x7c ./src/HTFT_Program.o
                0x080013e2                HTFT_voidDisplayImg
 *fill*         0x0800145e        0x2 
 .text.DMA2_Stream0_IRQHandler
                0x08001460       0x10 ./src/MDMA_Program.o
                0x08001460                DMA2_Stream0_IRQHandler
 .text.DMA2_Stream1_IRQHandler
                0x08001470       0x10 ./src/MDMA_Program.o
                0x08001470                DMA2_Stream1_IRQHandler
 .text.DMA2_Stream2_IRQHandler
                0x08001480       0x10 ./src/MDMA_Program.o
                0x08001480                DMA2_Stream2_IRQHandler
 .text.DMA2_Stream3_IRQHandler
                0x08001490       0x10 ./src/MDMA_Program.o
                0x08001490                DMA2_Stream3_IRQHandler
 .text.DMA2_Stream4_IRQHandler
                0x080014a0       0x10 ./src/MDMA_Program.o
                0x080014a0                DMA2_Stream4_IRQHandler
 .text.DMA2_Stream5_IRQHandler
                0x080014b0       0x10 ./src/MDMA_Program.o
                0x080014b0                DMA2_Stream5_IRQHandler
 .text.DMA2_Stream6_IRQHandler
                0x080014c0       0x10 ./src/MDMA_Program.o
                0x080014c0                DMA2_Stream6_IRQHandler
 .text.DMA2_Stream7_IRQHandler
                0x080014d0       0x10 ./src/MDMA_Program.o
                0x080014d0                DMA2_Stream7_IRQHandler
 .text.MEXTI_voidEnableEXTILine
                0x080014e0       0x14 ./src/MEXTI_Program.o
                0x080014e0                MEXTI_voidEnableEXTILine
 .text.MEXTI_voidDisableEXTILine
                0x080014f4       0x18 ./src/MEXTI_Program.o
                0x080014f4                MEXTI_voidDisableEXTILine
 .text.MEXTI_voidSetCallBack
                0x0800150c        0xc ./src/MEXTI_Program.o
                0x0800150c                MEXTI_voidSetCallBack
 .text.MEXTI_voidClearPendingFlag
                0x08001518       0x14 ./src/MEXTI_Program.o
                0x08001518                MEXTI_voidClearPendingFlag
 .text.MEXTI_u8GetPendingFlagStatus
                0x0800152c       0x14 ./src/MEXTI_Program.o
                0x0800152c                MEXTI_u8GetPendingFlagStatus
 .text.MEXTI_voidSelectPort
                0x08001540       0x34 ./src/MEXTI_Program.o
                0x08001540                MEXTI_voidSelectPort
 .text.MEXTI_voidSetMode
                0x08001574       0x50 ./src/MEXTI_Program.o
                0x08001574                MEXTI_voidSetMode
 .text.MEXTI_voidInit
                0x080015c4       0x48 ./src/MEXTI_Program.o
                0x080015c4                MEXTI_voidInit
 .text.EXTI0_IRQHandler
                0x0800160c       0x18 ./src/MEXTI_Program.o
                0x0800160c                EXTI0_IRQHandler
 .text.EXTI1_IRQHandler
                0x08001624       0x18 ./src/MEXTI_Program.o
                0x08001624                EXTI1_IRQHandler
 .text.EXTI2_IRQHandler
                0x0800163c       0x18 ./src/MEXTI_Program.o
                0x0800163c                EXTI2_IRQHandler
 .text.EXTI3_IRQHandler
                0x08001654       0x18 ./src/MEXTI_Program.o
                0x08001654                EXTI3_IRQHandler
 .text.EXTI4_IRQHandler
                0x0800166c       0x18 ./src/MEXTI_Program.o
                0x0800166c                EXTI4_IRQHandler
 .text.EXTI9_5_IRQHandler
                0x08001684       0x88 ./src/MEXTI_Program.o
                0x08001684                EXTI9_5_IRQHandler
 .text.EXTI15_10_IRQHandler
                0x0800170c       0xa4 ./src/MEXTI_Program.o
                0x0800170c                EXTI15_10_IRQHandler
 .text.MGPIO_voidSetPinMode
                0x080017b0       0x8c ./src/MGPIO_Program.o
                0x080017b0                MGPIO_voidSetPinMode
 .text.MGPIO_voidSetPinOutputMode
                0x0800183c       0xc8 ./src/MGPIO_Program.o
                0x0800183c                MGPIO_voidSetPinOutputMode
 .text.MGPIO_voidSetPinAlternateFunctionMode
                0x08001904       0xf8 ./src/MGPIO_Program.o
                0x08001904                MGPIO_voidSetPinAlternateFunctionMode
 .text.MGPIO_voidSetPinValue
                0x080019fc       0xa8 ./src/MGPIO_Program.o
                0x080019fc                MGPIO_voidSetPinValue
 .text.MNVIC_voidEnablePeripheralInterrupt
                0x08001aa4       0x24 ./src/MNVIC_Program.o
                0x08001aa4                MNVIC_voidEnablePeripheralInterrupt
 .text.MRCC_voidInit
                0x08001ac8       0x30 ./src/MRCC_Program.o
                0x08001ac8                MRCC_voidInit
 .text.MRCC_voidEnablePeripheral
                0x08001af8       0x58 ./src/MRCC_Program.o
                0x08001af8                MRCC_voidEnablePeripheral
 .text.MRCC_voidGetAHBPrescaler
                0x08001b50       0x54 ./src/MRCC_Program.o
                0x08001b50                MRCC_voidGetAHBPrescaler
 .text.MSPI_VoidInit
                0x08001ba4       0x1c ./src/MSPI_Program.o
                0x08001ba4                MSPI_VoidInit
 .text.MSPI_voidTranceive
                0x08001bc0       0x34 ./src/MSPI_Program.o
                0x08001bc0                MSPI_voidTranceive
 .text.SPI1_IRQHandler
                0x08001bf4       0x58 ./src/MSPI_Program.o
                0x08001bf4                SPI1_IRQHandler
 .text.SPI2_IRQHandler
                0x08001c4c       0x58 ./src/MSPI_Program.o
                0x08001c4c                SPI2_IRQHandler
 .text.SPI3_IRQHandler
                0x08001ca4       0x58 ./src/MSPI_Program.o
                0x08001ca4                SPI3_IRQHandler
 .text.MSYSTICK_PdMS
                0x08001cfc       0x24 ./src/MSYSTICK_Program.o
 .text.MSYSTICK_PdUS
                0x08001d20       0x24 ./src/MSYSTICK_Program.o
 .text.MSYSTICK_voidInit
                0x08001d44       0x18 ./src/MSYSTICK_Program.o
                0x08001d44                MSYSTICK_voidInit
 .text.MSYSTICK_voidCounterReset
                0x08001d5c       0x10 ./src/MSYSTICK_Program.o
                0x08001d5c                MSYSTICK_voidCounterReset
 .text.MSYSTICK_voidSetBusyWait_ms
                0x08001d6c       0x2c ./src/MSYSTICK_Program.o
                0x08001d6c                MSYSTICK_voidSetBusyWait_ms
 .text.MSYSTICK_voidSetBusyWait_us
                0x08001d98       0x2c ./src/MSYSTICK_Program.o
                0x08001d98                MSYSTICK_voidSetBusyWait_us
 .text.MSYSTICK_voidSetSingleInterval_ms
                0x08001dc4       0x34 ./src/MSYSTICK_Program.o
                0x08001dc4                MSYSTICK_voidSetSingleInterval_ms
 .text.MSYSTICK_voidSetPeriodicInterval_us
                0x08001df8       0x34 ./src/MSYSTICK_Program.o
                0x08001df8                MSYSTICK_voidSetPeriodicInterval_us
 .text.MSYSTICK_u32GetElapsedTime
                0x08001e2c       0x10 ./src/MSYSTICK_Program.o
                0x08001e2c                MSYSTICK_u32GetElapsedTime
 .text.SysTick_Handler
                0x08001e3c       0x44 ./src/MSYSTICK_Program.o
                0x08001e3c                SysTick_Handler
 .text.USART1_IRQHandler
                0x08001e80       0x9c ./src/MUSART_Program.o
                0x08001e80                USART1_IRQHandler
 .text.USART2_IRQHandler
                0x08001f1c       0x9c ./src/MUSART_Program.o
                0x08001f1c                USART2_IRQHandler
 .text.USART6_IRQHandler
                0x08001fb8       0x9c ./src/MUSART_Program.o
                0x08001fb8                USART6_IRQHandler
 .text.SystemClock_Config
                0x08002054       0x98 ./src/_initialize_hardware.o
                0x08002054                SystemClock_Config
 .text.__initialize_hardware
                0x080020ec       0x10 ./src/_initialize_hardware.o
                0x080020ec                __initialize_hardware
 .text.PWR_ON_MODE
                0x080020fc       0x20 ./src/main.o
                0x080020fc                PWR_ON_MODE
 .text.CHANNEL_1_MODE
                0x0800211c       0x74 ./src/main.o
                0x0800211c                CHANNEL_1_MODE
 .text.CHANNEL_2_MODE
                0x08002190       0x78 ./src/main.o
                0x08002190                CHANNEL_2_MODE
 .text.PLAY_PAUSE_MODE
                0x08002208       0x7c ./src/main.o
                0x08002208                PLAY_PAUSE_MODE
 .text.main     0x08002284      0x12c ./src/main.o
                0x08002284                main
 .text.HAL_MspInit
                0x080023b0        0x2 ./src/stm32f4xx_hal_msp.o
                0x080023b0                HAL_MspInit
 *fill*         0x080023b2        0x2 
 .text.__errno  0x080023b4        0xc c:/src/winarm/armgcc/bin/../lib/gcc/arm-none-eabi/7.2.1/../../../../arm-none-eabi/lib/thumb/v7e-m\libg_nano.a(lib_a-errno.o)
                0x080023b4                __errno
 .text          0x080023c0       0x10 c:/src/winarm/armgcc/bin/../lib/gcc/arm-none-eabi/7.2.1/../../../../arm-none-eabi/lib/thumb/v7e-m\libg_nano.a(lib_a-strlen.o)
                0x080023c0                strlen
 .text._vsnprintf_r
                0x080023d0       0x58 c:/src/winarm/armgcc/bin/../lib/gcc/arm-none-eabi/7.2.1/../../../../arm-none-eabi/lib/thumb/v7e-m\libg_nano.a(lib_a-vsnprintf.o)
                0x080023d0                _vsniprintf_r
                0x080023d0                _vsnprintf_r
 .text.vsnprintf
                0x08002428       0x1c c:/src/winarm/armgcc/bin/../lib/gcc/arm-none-eabi/7.2.1/../../../../arm-none-eabi/lib/thumb/v7e-m\libg_nano.a(lib_a-vsnprintf.o)
                0x08002428                vsniprintf
                0x08002428                vsnprintf
 .text.__ssputs_r
                0x08002444       0xb4 c:/src/winarm/armgcc/bin/../lib/gcc/arm-none-eabi/7.2.1/../../../../arm-none-eabi/lib/thumb/v7e-m\libg_nano.a(lib_a-nano-svfprintf.o)
                0x08002444                __ssputs_r
 .text._svfprintf_r
                0x080024f8      0x1ec c:/src/winarm/armgcc/bin/../lib/gcc/arm-none-eabi/7.2.1/../../../../arm-none-eabi/lib/thumb/v7e-m\libg_nano.a(lib_a-nano-svfprintf.o)
                0x080024f8                _svfiprintf_r
                0x080024f8                _svfprintf_r
 .text._printf_common
                0x080026e4       0xea c:/src/winarm/armgcc/bin/../lib/gcc/arm-none-eabi/7.2.1/../../../../arm-none-eabi/lib/thumb/v7e-m\libg_nano.a(lib_a-nano-vfprintf_i.o)
                0x080026e4                _printf_common
 *fill*         0x080027ce        0x2 
 .text._printf_i
                0x080027d0      0x224 c:/src/winarm/armgcc/bin/../lib/gcc/arm-none-eabi/7.2.1/../../../../arm-none-eabi/lib/thumb/v7e-m\libg_nano.a(lib_a-nano-vfprintf_i.o)
                0x080027d0                _printf_i
 *fill*         0x080029f4        0xc 
 .text          0x08002a00       0xa0 c:/src/winarm/armgcc/bin/../lib/gcc/arm-none-eabi/7.2.1/../../../../arm-none-eabi/lib/thumb/v7e-m\libg_nano.a(lib_a-memchr.o)
                0x08002a00                memchr
 .text.memcpy   0x08002aa0       0x16 c:/src/winarm/armgcc/bin/../lib/gcc/arm-none-eabi/7.2.1/../../../../arm-none-eabi/lib/thumb/v7e-m\libg_nano.a(lib_a-memcpy-stub.o)
                0x08002aa0                memcpy
 .text.memmove  0x08002ab6       0x32 c:/src/winarm/armgcc/bin/../lib/gcc/arm-none-eabi/7.2.1/../../../../arm-none-eabi/lib/thumb/v7e-m\libg_nano.a(lib_a-memmove.o)
                0x08002ab6                memmove
 .text._free_r  0x08002ae8       0x9c c:/src/winarm/armgcc/bin/../lib/gcc/arm-none-eabi/7.2.1/../../../../arm-none-eabi/lib/thumb/v7e-m\libg_nano.a(lib_a-nano-freer.o)
                0x08002ae8                _free_r
 .text._malloc_r
                0x08002b84       0xb4 c:/src/winarm/armgcc/bin/../lib/gcc/arm-none-eabi/7.2.1/../../../../arm-none-eabi/lib/thumb/v7e-m\libg_nano.a(lib_a-nano-mallocr.o)
                0x08002b84                _malloc_r
 .text._realloc_r
                0x08002c38       0x4c c:/src/winarm/armgcc/bin/../lib/gcc/arm-none-eabi/7.2.1/../../../../arm-none-eabi/lib/thumb/v7e-m\libg_nano.a(lib_a-nano-reallocr.o)
                0x08002c38                _realloc_r
 .text._sbrk_r  0x08002c84       0x20 c:/src/winarm/armgcc/bin/../lib/gcc/arm-none-eabi/7.2.1/../../../../arm-none-eabi/lib/thumb/v7e-m\libg_nano.a(lib_a-sbrkr.o)
                0x08002c84                _sbrk_r
 .text.__malloc_lock
                0x08002ca4        0x2 c:/src/winarm/armgcc/bin/../lib/gcc/arm-none-eabi/7.2.1/../../../../arm-none-eabi/lib/thumb/v7e-m\libg_nano.a(lib_a-mlock.o)
                0x08002ca4                __malloc_lock
 .text.__malloc_unlock
                0x08002ca6        0x2 c:/src/winarm/armgcc/bin/../lib/gcc/arm-none-eabi/7.2.1/../../../../arm-none-eabi/lib/thumb/v7e-m\libg_nano.a(lib_a-mlock.o)
                0x08002ca6                __malloc_unlock
 .text._malloc_usable_size_r
                0x08002ca8       0x10 c:/src/winarm/armgcc/bin/../lib/gcc/arm-none-eabi/7.2.1/../../../../arm-none-eabi/lib/thumb/v7e-m\libg_nano.a(lib_a-nano-msizer.o)
                0x08002ca8                _malloc_usable_size_r
 *(.rodata .rodata.* .constdata .constdata.*)
 .rodata.HAL_NVIC_SetPriorityGrouping.str1.4
                0x08002cb8       0x31 ./system/src/stm32f4-hal/stm32f4xx_hal_cortex.o
 *fill*         0x08002ce9        0x3 
 .rodata.APBAHBPrescTable
                0x08002cec       0x10 ./system/src/stm32f4-hal/stm32f4xx_hal_rcc.o
                0x08002cec                APBAHBPrescTable
 .rodata.HAL_RCC_OscConfig.str1.4
                0x08002cfc       0x2e ./system/src/stm32f4-hal/stm32f4xx_hal_rcc.o
 *fill*         0x08002d2a        0x2 
 .rodata.abort.str1.4
                0x08002d2c       0x14 ./system/src/newlib/_exit.o
 .rodata.assert_failed.str1.4
                0x08002d40       0x2b ./system/src/newlib/assert.o
 .rodata.trace_puts.str1.4
                0x08002d6b       0x2b ./system/src/diag/Trace.o
                                  0x2 (size before relaxing)
 *fill*         0x08002d6b        0x1 
 .rodata.dumpExceptionStack.str1.4
                0x08002d6c      0x11a ./system/src/cortexm/exception_handlers.o
 *fill*         0x08002e86        0x2 
 .rodata.str1.4
                0x08002e88       0x2c ./system/src/cortexm/exception_handlers.o
                                 0x2a (size before relaxing)
 .rodata.AHBPrescTable
                0x08002eb4       0x10 ./system/src/cmsis/system_stm32f4xx.o
                0x08002eb4                AHBPrescTable
 .rodata.DAC_Pins
                0x08002ec4        0x8 ./src/HDAC_Program.o
                0x08002ec4                DAC_Pins
 .rodata.AMR_DIAB_IMG
                0x08002ecc     0xa000 ./src/main.o
                0x08002ecc                AMR_DIAB_IMG
 .rodata.AMR_DIAB_SONG
                0x0800cecc     0x9e28 ./src/main.o
                0x0800cecc                AMR_DIAB_SONG
 .rodata.FAYROUZ_IMG
                0x08016cf4     0xa000 ./src/main.o
                0x08016cf4                FAYROUZ_IMG
 .rodata.FAYROUZ_SONG_NAME
                0x08020cf4     0xac22 ./src/main.o
                0x08020cf4                FAYROUZ_SONG_NAME
 *fill*         0x0802b916        0x2 
 .rodata.Nojoom
                0x0802b918     0xa000 ./src/main.o
                0x0802b918                Nojoom
 .rodata._svfprintf_r.str1.1
                0x08035918       0x11 c:/src/winarm/armgcc/bin/../lib/gcc/arm-none-eabi/7.2.1/../../../../arm-none-eabi/lib/thumb/v7e-m\libg_nano.a(lib_a-nano-svfprintf.o)
 .rodata._printf_i.str1.1
                0x08035929       0x22 c:/src/winarm/armgcc/bin/../lib/gcc/arm-none-eabi/7.2.1/../../../../arm-none-eabi/lib/thumb/v7e-m\libg_nano.a(lib_a-nano-vfprintf_i.o)
 *(vtable)
 *(.eh_frame*)
 *(.glue_7)
 .glue_7        0x0803594b        0x0 linker stubs
 *(.glue_7t)
 .glue_7t       0x0803594b        0x0 linker stubs

.vfp11_veneer   0x0803594c        0x0
 .vfp11_veneer  0x0803594c        0x0 linker stubs

.v4_bx          0x0803594c        0x0
 .v4_bx         0x0803594c        0x0 linker stubs

.iplt           0x0803594c        0x0
 .iplt          0x0803594c        0x0 ./system/src/stm32f4-hal/stm32f4xx_hal.o

.rel.dyn        0x0803594c        0x0
 .rel.iplt      0x0803594c        0x0 ./system/src/stm32f4-hal/stm32f4xx_hal.o

.ARM.extab
 *(.ARM.extab* .gnu.linkonce.armextab.*)
                0x0803594c                . = ALIGN (0x4)
                0x0803594c                __exidx_start = .

.ARM.exidx
 *(.ARM.exidx* .gnu.linkonce.armexidx.*)
                0x0803594c                __exidx_end = .
                0x0803594c                . = ALIGN (0x4)
                0x0803594c                _etext = .
                0x0803594c                __etext = .

.data_CCMRAM    0x10000000        0x0 load address 0x0803594c
 FILL mask 0xff
 *(.data.CCMRAM .data.CCMRAM.*)
                0x10000000                . = ALIGN (0x4)
                0x0803594c                _sidata = LOADADDR (.data)

.data           0x20000000       0xfc load address 0x0803594c
 FILL mask 0xff
                0x20000000                _sdata = .
                0x20000000                __data_start__ = .
 *(.data_begin .data_begin.*)
 .data_begin    0x20000000        0x4 ./system/src/newlib/_startup.o
 *(.data .data.*)
 .data.argv.4310
                0x20000004        0x8 ./system/src/newlib/_syscalls.o
 .data.SystemCoreClock
                0x2000000c        0x4 ./system/src/cmsis/system_stm32f4xx.o
                0x2000000c                SystemCoreClock
 .data.MEXTI_Config
                0x20000010        0x4 ./src/MEXTI_Config.o
                0x20000010                MEXTI_Config
 .data.SINGERS_NAMES
                0x20000014       0x80 ./src/main.o
                0x20000014                SINGERS_NAMES
 .data._impure_ptr
                0x20000094        0x4 c:/src/winarm/armgcc/bin/../lib/gcc/arm-none-eabi/7.2.1/../../../../arm-none-eabi/lib/thumb/v7e-m\libg_nano.a(lib_a-impure.o)
                0x20000094                _impure_ptr
 .data.impure_data
                0x20000098       0x60 c:/src/winarm/armgcc/bin/../lib/gcc/arm-none-eabi/7.2.1/../../../../arm-none-eabi/lib/thumb/v7e-m\libg_nano.a(lib_a-impure.o)
 *(.data_end .data_end.*)
 .data_end      0x200000f8        0x4 ./system/src/newlib/_startup.o
                0x200000fc                . = ALIGN (0x4)
                0x200000fc                _edata = .
                0x200000fc                __data_end__ = .

.igot.plt       0x200000fc        0x0 load address 0x08035a48
 .igot.plt      0x200000fc        0x0 ./system/src/stm32f4-hal/stm32f4xx_hal.o

.bss_CCMRAM     0x10000000        0x0
 *(.bss.CCMRAM .bss.CCMRAM.*)

.bss            0x200000fc      0x1fc
                0x200000fc                __bss_start__ = .
                0x200000fc                _sbss = .
 *(.bss_begin .bss_begin.*)
 .bss_begin     0x200000fc        0x4 ./system/src/newlib/_startup.o
 *(.bss .bss.*)
 .bss.current_heap_end.3961
                0x20000100        0x4 ./system/src/newlib/_sbrk.o
 .bss.name.4309
                0x20000104        0x1 ./system/src/newlib/_syscalls.o
 *fill*         0x20000105        0x3 
 .bss.buf.5205  0x20000108       0x80 ./system/src/diag/Trace.o
 .bss.Global_u32MaxArrayIndex
                0x20000188        0x4 ./src/HDAC_Program.o
                0x20000188                Global_u32MaxArrayIndex
 .bss.Global_u8pTrack
                0x2000018c        0x4 ./src/HDAC_Program.o
                0x2000018c                Global_u8pTrack
 .bss.Local_u32counter.3737
                0x20000190        0x4 ./src/HDAC_Program.o
 .bss.Global_IRData
                0x20000194       0xc8 ./src/HIR_Program.o
                0x20000194                Global_IRData
 .bss.Global_u8Counter
                0x2000025c        0x1 ./src/HIR_Program.o
                0x2000025c                Global_u8Counter
 .bss.Global_u8ReturnData
                0x2000025d        0x1 ./src/HIR_Program.o
                0x2000025d                Global_u8ReturnData
 .bss.Global_u8StartFlag
                0x2000025e        0x1 ./src/HIR_Program.o
                0x2000025e                Global_u8StartFlag
 *fill*         0x2000025f        0x1 
 .bss.DMA2_setCallBack
                0x20000260       0x20 ./src/MDMA_Program.o
 .bss.MEXTI_callBack
                0x20000280       0x40 ./src/MEXTI_Program.o
 .bss.SPI_pu8RData
                0x200002c0        0x4 ./src/MSPI_Program.o
 .bss.SPI_pu8TData
                0x200002c4        0x4 ./src/MSPI_Program.o
 .bss.SPI_u8BufferSize
                0x200002c8        0x1 ./src/MSPI_Program.o
 .bss.SPI_u8Index
                0x200002c9        0x1 ./src/MSPI_Program.o
 .bss.SPI_u8State
                0x200002ca        0x1 ./src/MSPI_Program.o
 .bss.Global_u8StateFlag
                0x200002cb        0x1 ./src/MSYSTICK_Program.o
 .bss.MSYSTICK_callBack
                0x200002cc        0x4 ./src/MSYSTICK_Program.o
 .bss.USART_pu8ReceiveData
                0x200002d0        0x4 ./src/MUSART_Program.o
 .bss.USART_pu8SendData
                0x200002d4        0x4 ./src/MUSART_Program.o
 .bss.USART_pvNotificationFunc
                0x200002d8        0x4 ./src/MUSART_Program.o
 .bss.USART_u8BufferSize
                0x200002dc        0x1 ./src/MUSART_Program.o
 .bss.USART_u8Index
                0x200002dd        0x1 ./src/MUSART_Program.o
 .bss.USART_u8State
                0x200002de        0x1 ./src/MUSART_Program.o
 .bss.Global_u8Channel
                0x200002df        0x1 ./src/main.o
                0x200002df                Global_u8Channel
 .bss.Local_u8PLAY.3859
                0x200002e0        0x1 ./src/main.o
 *fill*         0x200002e1        0x3 
 .bss.__malloc_free_list
                0x200002e4        0x4 c:/src/winarm/armgcc/bin/../lib/gcc/arm-none-eabi/7.2.1/../../../../arm-none-eabi/lib/thumb/v7e-m\libg_nano.a(lib_a-nano-mallocr.o)
                0x200002e4                __malloc_free_list
 .bss.__malloc_sbrk_start
                0x200002e8        0x4 c:/src/winarm/armgcc/bin/../lib/gcc/arm-none-eabi/7.2.1/../../../../arm-none-eabi/lib/thumb/v7e-m\libg_nano.a(lib_a-nano-mallocr.o)
                0x200002e8                __malloc_sbrk_start
 *(COMMON)
 COMMON         0x200002ec        0x4 ./system/src/stm32f4-hal/stm32f4xx_hal.o
                0x200002ec                uwTick
 COMMON         0x200002f0        0x4 ./system/src/newlib/_syscalls.o
                0x200002f0                errno
 *(.bss_end .bss_end.*)
 .bss_end       0x200002f4        0x4 ./system/src/newlib/_startup.o
                0x200002f8                . = ALIGN (0x4)
                0x200002f8                __bss_end__ = .
                0x200002f8                _ebss = .

.noinit_CCMRAM
 *(.noinit.CCMRAM .noinit.CCMRAM.*)

.noinit         0x200002f8        0x0
                0x200002f8                _noinit = .
 *(.noinit .noinit.*)
                0x200002f8                . = ALIGN (0x4)
                0x200002f8                _end_noinit = .
                [!provide]                PROVIDE (end, _end_noinit)
                [!provide]                PROVIDE (_end, _end_noinit)
                [!provide]                PROVIDE (__end, _end_noinit)
                [!provide]                PROVIDE (__end__, _end_noinit)

._check_stack   0x200002f8      0x100
                0x200003f8                . = (. + _Minimum_Stack_Size)
 *fill*         0x200002f8      0x100 

.b1text
 *(.b1text)
 *(.b1rodata)
 *(.b1rodata.*)

.eb0text
 *(.eb0text)
 *(.eb0rodata)
 *(.eb0rodata.*)

.eb1text
 *(.eb1text)
 *(.eb1rodata)
 *(.eb1rodata.*)

.eb2text
 *(.eb2text)
 *(.eb2rodata)
 *(.eb2rodata.*)

.eb3text
 *(.eb3text)
 *(.eb3rodata)
 *(.eb3rodata.*)

.stab
 *(.stab)

.stabstr
 *(.stabstr)

.stab.excl
 *(.stab.excl)

.stab.exclstr
 *(.stab.exclstr)

.stab.index
 *(.stab.index)

.stab.indexstr
 *(.stab.indexstr)

.comment        0x00000000       0x7e
 *(.comment)
 .comment       0x00000000       0x7e ./system/src/stm32f4-hal/stm32f4xx_hal.o
                                 0x7f (size before relaxing)
 .comment       0x0000007e       0x7f ./system/src/stm32f4-hal/stm32f4xx_hal_cortex.o
 .comment       0x0000007e       0x7f ./system/src/stm32f4-hal/stm32f4xx_hal_rcc.o
 .comment       0x0000007e       0x7f ./system/src/newlib/_exit.o
 .comment       0x0000007e       0x7f ./system/src/newlib/_sbrk.o
 .comment       0x0000007e       0x7f ./system/src/newlib/_startup.o
 .comment       0x0000007e       0x7f ./system/src/newlib/_syscalls.o
 .comment       0x0000007e       0x7f ./system/src/newlib/assert.o
 .comment       0x0000007e       0x7f ./system/src/diag/Trace.o
 .comment       0x0000007e       0x7f ./system/src/diag/trace_impl.o
 .comment       0x0000007e       0x7f ./system/src/cortexm/_initialize_hardware.o
 .comment       0x0000007e       0x7f ./system/src/cortexm/exception_handlers.o
 .comment       0x0000007e       0x7f ./system/src/cmsis/system_stm32f4xx.o
 .comment       0x0000007e       0x7f ./system/src/cmsis/vectors_stm32f401xc.o
 .comment       0x0000007e       0x7f ./src/HDAC_Program.o
 .comment       0x0000007e       0x7f ./src/HIR_Program.o
 .comment       0x0000007e       0x7f ./src/HS2P_Program.o
 .comment       0x0000007e       0x7f ./src/HTFT_Program.o
 .comment       0x0000007e       0x7f ./src/MDMA_Program.o
 .comment       0x0000007e       0x7f ./src/MEXTI_Config.o
 .comment       0x0000007e       0x7f ./src/MEXTI_Program.o
 .comment       0x0000007e       0x7f ./src/MGPIO_Program.o
 .comment       0x0000007e       0x7f ./src/MNVIC_Program.o
 .comment       0x0000007e       0x7f ./src/MRCC_Program.o
 .comment       0x0000007e       0x7f ./src/MSPI_Program.o
 .comment       0x0000007e       0x7f ./src/MSYSTICK_Program.o
 .comment       0x0000007e       0x7f ./src/MUSART_Program.o
 .comment       0x0000007e       0x7f ./src/_initialize_hardware.o
 .comment       0x0000007e       0x7f ./src/main.o
 .comment       0x0000007e       0x7f ./src/stm32f4xx_hal_msp.o

.ARM.attributes
                0x00000000       0x31
 .ARM.attributes
                0x00000000       0x33 ./system/src/stm32f4-hal/stm32f4xx_hal.o
 .ARM.attributes
                0x00000033       0x33 ./system/src/stm32f4-hal/stm32f4xx_hal_cortex.o
 .ARM.attributes
                0x00000066       0x33 ./system/src/stm32f4-hal/stm32f4xx_hal_rcc.o
 .ARM.attributes
                0x00000099       0x33 ./system/src/newlib/_exit.o
 .ARM.attributes
                0x000000cc       0x33 ./system/src/newlib/_sbrk.o
 .ARM.attributes
                0x000000ff       0x33 ./system/src/newlib/_startup.o
 .ARM.attributes
                0x00000132       0x33 ./system/src/newlib/_syscalls.o
 .ARM.attributes
                0x00000165       0x33 ./system/src/newlib/assert.o
 .ARM.attributes
                0x00000198       0x33 ./system/src/diag/Trace.o
 .ARM.attributes
                0x000001cb       0x33 ./system/src/diag/trace_impl.o
 .ARM.attributes
                0x000001fe       0x33 ./system/src/cortexm/_initialize_hardware.o
 .ARM.attributes
                0x00000231       0x33 ./system/src/cortexm/exception_handlers.o
 .ARM.attributes
                0x00000264       0x33 ./system/src/cmsis/system_stm32f4xx.o
 .ARM.attributes
                0x00000297       0x33 ./system/src/cmsis/vectors_stm32f401xc.o
 .ARM.attributes
                0x000002ca       0x33 ./src/HDAC_Program.o
 .ARM.attributes
                0x000002fd       0x33 ./src/HIR_Program.o
 .ARM.attributes
                0x00000330       0x33 ./src/HS2P_Program.o
 .ARM.attributes
                0x00000363       0x33 ./src/HTFT_Program.o
 .ARM.attributes
                0x00000396       0x33 ./src/MDMA_Program.o
 .ARM.attributes
                0x000003c9       0x33 ./src/MEXTI_Config.o
 .ARM.attributes
                0x000003fc       0x33 ./src/MEXTI_Program.o
 .ARM.attributes
                0x0000042f       0x33 ./src/MGPIO_Program.o
 .ARM.attributes
                0x00000462       0x33 ./src/MNVIC_Program.o
 .ARM.attributes
                0x00000495       0x33 ./src/MRCC_Program.o
 .ARM.attributes
                0x000004c8       0x33 ./src/MSPI_Program.o
 .ARM.attributes
                0x000004fb       0x33 ./src/MSYSTICK_Program.o
 .ARM.attributes
                0x0000052e       0x33 ./src/MUSART_Program.o
 .ARM.attributes
                0x00000561       0x33 ./src/_initialize_hardware.o
 .ARM.attributes
                0x00000594       0x33 ./src/main.o
 .ARM.attributes
                0x000005c7       0x33 ./src/stm32f4xx_hal_msp.o
 .ARM.attributes
                0x000005fa       0x2e c:/src/winarm/armgcc/bin/../lib/gcc/arm-none-eabi/7.2.1/../../../../arm-none-eabi/lib/thumb/v7e-m\libg_nano.a(lib_a-errno.o)
 .ARM.attributes
                0x00000628       0x2e c:/src/winarm/armgcc/bin/../lib/gcc/arm-none-eabi/7.2.1/../../../../arm-none-eabi/lib/thumb/v7e-m\libg_nano.a(lib_a-impure.o)
 .ARM.attributes
                0x00000656       0x17 c:/src/winarm/armgcc/bin/../lib/gcc/arm-none-eabi/7.2.1/../../../../arm-none-eabi/lib/thumb/v7e-m\libg_nano.a(lib_a-strlen.o)
 .ARM.attributes
                0x0000066d       0x2e c:/src/winarm/armgcc/bin/../lib/gcc/arm-none-eabi/7.2.1/../../../../arm-none-eabi/lib/thumb/v7e-m\libg_nano.a(lib_a-vsnprintf.o)
 .ARM.attributes
                0x0000069b       0x2e c:/src/winarm/armgcc/bin/../lib/gcc/arm-none-eabi/7.2.1/../../../../arm-none-eabi/lib/thumb/v7e-m\libg_nano.a(lib_a-nano-svfprintf.o)
 .ARM.attributes
                0x000006c9       0x2e c:/src/winarm/armgcc/bin/../lib/gcc/arm-none-eabi/7.2.1/../../../../arm-none-eabi/lib/thumb/v7e-m\libg_nano.a(lib_a-nano-vfprintf_i.o)
 .ARM.attributes
                0x000006f7       0x1c c:/src/winarm/armgcc/bin/../lib/gcc/arm-none-eabi/7.2.1/../../../../arm-none-eabi/lib/thumb/v7e-m\libg_nano.a(lib_a-memchr.o)
 .ARM.attributes
                0x00000713       0x2e c:/src/winarm/armgcc/bin/../lib/gcc/arm-none-eabi/7.2.1/../../../../arm-none-eabi/lib/thumb/v7e-m\libg_nano.a(lib_a-memcpy-stub.o)
 .ARM.attributes
                0x00000741       0x2e c:/src/winarm/armgcc/bin/../lib/gcc/arm-none-eabi/7.2.1/../../../../arm-none-eabi/lib/thumb/v7e-m\libg_nano.a(lib_a-memmove.o)
 .ARM.attributes
                0x0000076f       0x2e c:/src/winarm/armgcc/bin/../lib/gcc/arm-none-eabi/7.2.1/../../../../arm-none-eabi/lib/thumb/v7e-m\libg_nano.a(lib_a-nano-freer.o)
 .ARM.attributes
                0x0000079d       0x2e c:/src/winarm/armgcc/bin/../lib/gcc/arm-none-eabi/7.2.1/../../../../arm-none-eabi/lib/thumb/v7e-m\libg_nano.a(lib_a-nano-mallocr.o)
 .ARM.attributes
                0x000007cb       0x2e c:/src/winarm/armgcc/bin/../lib/gcc/arm-none-eabi/7.2.1/../../../../arm-none-eabi/lib/thumb/v7e-m\libg_nano.a(lib_a-nano-reallocr.o)
 .ARM.attributes
                0x000007f9       0x2e c:/src/winarm/armgcc/bin/../lib/gcc/arm-none-eabi/7.2.1/../../../../arm-none-eabi/lib/thumb/v7e-m\libg_nano.a(lib_a-sbrkr.o)
 .ARM.attributes
                0x00000827       0x2e c:/src/winarm/armgcc/bin/../lib/gcc/arm-none-eabi/7.2.1/../../../../arm-none-eabi/lib/thumb/v7e-m\libg_nano.a(lib_a-mlock.o)
 .ARM.attributes
                0x00000855       0x2e c:/src/winarm/armgcc/bin/../lib/gcc/arm-none-eabi/7.2.1/../../../../arm-none-eabi/lib/thumb/v7e-m\libg_nano.a(lib_a-nano-msizer.o)

.debug
 *(.debug)

.line
 *(.line)

.debug_srcinfo
 *(.debug_srcinfo)

.debug_sfnames
 *(.debug_sfnames)

.debug_aranges  0x00000000      0x9e8
 *(.debug_aranges)
 .debug_aranges
                0x00000000       0xc0 ./system/src/stm32f4-hal/stm32f4xx_hal.o
 .debug_aranges
                0x000000c0       0x98 ./system/src/stm32f4-hal/stm32f4xx_hal_cortex.o
 .debug_aranges
                0x00000158       0x88 ./system/src/stm32f4-hal/stm32f4xx_hal_rcc.o
 .debug_aranges
                0x000001e0       0x28 ./system/src/newlib/_exit.o
 .debug_aranges
                0x00000208       0x20 ./system/src/newlib/_sbrk.o
 .debug_aranges
                0x00000228       0x40 ./system/src/newlib/_startup.o
 .debug_aranges
                0x00000268       0x30 ./system/src/newlib/_syscalls.o
 .debug_aranges
                0x00000298       0x28 ./system/src/newlib/assert.o
 .debug_aranges
                0x000002c0       0x38 ./system/src/diag/Trace.o
 .debug_aranges
                0x000002f8       0x30 ./system/src/diag/trace_impl.o
 .debug_aranges
                0x00000328       0x28 ./system/src/cortexm/_initialize_hardware.o
 .debug_aranges
                0x00000350       0x90 ./system/src/cortexm/exception_handlers.o
 .debug_aranges
                0x000003e0       0x28 ./system/src/cmsis/system_stm32f4xx.o
 .debug_aranges
                0x00000408       0x20 ./system/src/cmsis/vectors_stm32f401xc.o
 .debug_aranges
                0x00000428       0x38 ./src/HDAC_Program.o
 .debug_aranges
                0x00000460       0x40 ./src/HIR_Program.o
 .debug_aranges
                0x000004a0       0x98 ./src/HS2P_Program.o
 .debug_aranges
                0x00000538       0x58 ./src/HTFT_Program.o
 .debug_aranges
                0x00000590       0x88 ./src/MDMA_Program.o
 .debug_aranges
                0x00000618       0x18 ./src/MEXTI_Config.o
 .debug_aranges
                0x00000630       0x98 ./src/MEXTI_Program.o
 .debug_aranges
                0x000006c8       0x68 ./src/MGPIO_Program.o
 .debug_aranges
                0x00000730       0x50 ./src/MNVIC_Program.o
 .debug_aranges
                0x00000780       0x60 ./src/MRCC_Program.o
 .debug_aranges
                0x000007e0       0x50 ./src/MSPI_Program.o
 .debug_aranges
                0x00000830       0x98 ./src/MSYSTICK_Program.o
 .debug_aranges
                0x000008c8       0x80 ./src/MUSART_Program.o
 .debug_aranges
                0x00000948       0x28 ./src/_initialize_hardware.o
 .debug_aranges
                0x00000970       0x40 ./src/main.o
 .debug_aranges
                0x000009b0       0x38 ./src/stm32f4xx_hal_msp.o

.debug_pubnames
 *(.debug_pubnames)

.debug_info     0x00000000    0x10466
 *(.debug_info .gnu.linkonce.wi.*)
 .debug_info    0x00000000     0x107e ./system/src/stm32f4-hal/stm32f4xx_hal.o
 .debug_info    0x0000107e     0x1863 ./system/src/stm32f4-hal/stm32f4xx_hal_cortex.o
 .debug_info    0x000028e1     0x177e ./system/src/stm32f4-hal/stm32f4xx_hal_rcc.o
 .debug_info    0x0000405f      0x956 ./system/src/newlib/_exit.o
 .debug_info    0x000049b5      0x942 ./system/src/newlib/_sbrk.o
 .debug_info    0x000052f7      0x4bf ./system/src/newlib/_startup.o
 .debug_info    0x000057b6      0xa19 ./system/src/newlib/_syscalls.o
 .debug_info    0x000061cf      0x9ff ./system/src/newlib/assert.o
 .debug_info    0x00006bce      0xb2a ./system/src/diag/Trace.o
 .debug_info    0x000076f8      0xb6b ./system/src/diag/trace_impl.o
 .debug_info    0x00008263      0xade ./system/src/cortexm/_initialize_hardware.o
 .debug_info    0x00008d41     0x115a ./system/src/cortexm/exception_handlers.o
 .debug_info    0x00009e9b      0xcfe ./system/src/cmsis/system_stm32f4xx.o
 .debug_info    0x0000ab99       0xca ./system/src/cmsis/vectors_stm32f401xc.o
 .debug_info    0x0000ac63      0x218 ./src/HDAC_Program.o
 .debug_info    0x0000ae7b      0x2d1 ./src/HIR_Program.o
 .debug_info    0x0000b14c      0xce5 ./src/HS2P_Program.o
 .debug_info    0x0000be31      0x756 ./src/HTFT_Program.o
 .debug_info    0x0000c587      0x447 ./src/MDMA_Program.o
 .debug_info    0x0000c9ce      0x1d3 ./src/MEXTI_Config.o
 .debug_info    0x0000cba1      0x6e5 ./src/MEXTI_Program.o
 .debug_info    0x0000d286      0x39f ./src/MGPIO_Program.o
 .debug_info    0x0000d625      0x306 ./src/MNVIC_Program.o
 .debug_info    0x0000d92b      0x40a ./src/MRCC_Program.o
 .debug_info    0x0000dd35      0x2e3 ./src/MSPI_Program.o
 .debug_info    0x0000e018      0x490 ./src/MSYSTICK_Program.o
 .debug_info    0x0000e4a8      0x425 ./src/MUSART_Program.o
 .debug_info    0x0000e8cd      0xd34 ./src/_initialize_hardware.o
 .debug_info    0x0000f601      0x556 ./src/main.o
 .debug_info    0x0000fb57      0x90f ./src/stm32f4xx_hal_msp.o

.debug_abbrev   0x00000000     0x35e0
 *(.debug_abbrev)
 .debug_abbrev  0x00000000      0x32b ./system/src/stm32f4-hal/stm32f4xx_hal.o
 .debug_abbrev  0x0000032b      0x3f1 ./system/src/stm32f4-hal/stm32f4xx_hal_cortex.o
 .debug_abbrev  0x0000071c      0x394 ./system/src/stm32f4-hal/stm32f4xx_hal_rcc.o
 .debug_abbrev  0x00000ab0      0x1f3 ./system/src/newlib/_exit.o
 .debug_abbrev  0x00000ca3      0x1fc ./system/src/newlib/_sbrk.o
 .debug_abbrev  0x00000e9f      0x1cb ./system/src/newlib/_startup.o
 .debug_abbrev  0x0000106a      0x234 ./system/src/newlib/_syscalls.o
 .debug_abbrev  0x0000129e      0x1f3 ./system/src/newlib/assert.o
 .debug_abbrev  0x00001491      0x276 ./system/src/diag/Trace.o
 .debug_abbrev  0x00001707      0x2ef ./system/src/diag/trace_impl.o
 .debug_abbrev  0x000019f6      0x1de ./system/src/cortexm/_initialize_hardware.o
 .debug_abbrev  0x00001bd4      0x32b ./system/src/cortexm/exception_handlers.o
 .debug_abbrev  0x00001eff      0x216 ./system/src/cmsis/system_stm32f4xx.o
 .debug_abbrev  0x00002115       0x9d ./system/src/cmsis/vectors_stm32f401xc.o
 .debug_abbrev  0x000021b2      0x101 ./src/HDAC_Program.o
 .debug_abbrev  0x000022b3      0x117 ./src/HIR_Program.o
 .debug_abbrev  0x000023ca      0x166 ./src/HS2P_Program.o
 .debug_abbrev  0x00002530       0xf8 ./src/HTFT_Program.o
 .debug_abbrev  0x00002628      0x127 ./src/MDMA_Program.o
 .debug_abbrev  0x0000274f       0x8f ./src/MEXTI_Config.o
 .debug_abbrev  0x000027de      0x192 ./src/MEXTI_Program.o
 .debug_abbrev  0x00002970      0x103 ./src/MGPIO_Program.o
 .debug_abbrev  0x00002a73      0x11e ./src/MNVIC_Program.o
 .debug_abbrev  0x00002b91       0xed ./src/MRCC_Program.o
 .debug_abbrev  0x00002c7e      0x172 ./src/MSPI_Program.o
 .debug_abbrev  0x00002df0      0x178 ./src/MSYSTICK_Program.o
 .debug_abbrev  0x00002f68      0x1a4 ./src/MUSART_Program.o
 .debug_abbrev  0x0000310c      0x22d ./src/_initialize_hardware.o
 .debug_abbrev  0x00003339       0xf6 ./src/main.o
 .debug_abbrev  0x0000342f      0x1b1 ./src/stm32f4xx_hal_msp.o

.debug_line     0x00000000     0x91ed
 *(.debug_line)
 .debug_line    0x00000000      0xb08 ./system/src/stm32f4-hal/stm32f4xx_hal.o
 .debug_line    0x00000b08      0xbff ./system/src/stm32f4-hal/stm32f4xx_hal_cortex.o
 .debug_line    0x00001707      0xd89 ./system/src/stm32f4-hal/stm32f4xx_hal_rcc.o
 .debug_line    0x00002490      0x2cb ./system/src/newlib/_exit.o
 .debug_line    0x0000275b      0x27f ./system/src/newlib/_sbrk.o
 .debug_line    0x000029da      0x347 ./system/src/newlib/_startup.o
 .debug_line    0x00002d21      0x374 ./system/src/newlib/_syscalls.o
 .debug_line    0x00003095      0x306 ./system/src/newlib/assert.o
 .debug_line    0x0000339b      0x347 ./system/src/diag/Trace.o
 .debug_line    0x000036e2      0xa3b ./system/src/diag/trace_impl.o
 .debug_line    0x0000411d      0x9a4 ./system/src/cortexm/_initialize_hardware.o
 .debug_line    0x00004ac1      0xaf2 ./system/src/cortexm/exception_handlers.o
 .debug_line    0x000055b3      0x9aa ./system/src/cmsis/system_stm32f4xx.o
 .debug_line    0x00005f5d       0xe1 ./system/src/cmsis/vectors_stm32f401xc.o
 .debug_line    0x0000603e      0x1a4 ./src/HDAC_Program.o
 .debug_line    0x000061e2      0x215 ./src/HIR_Program.o
 .debug_line    0x000063f7      0x3cc ./src/HS2P_Program.o
 .debug_line    0x000067c3      0x22d ./src/HTFT_Program.o
 .debug_line    0x000069f0      0x254 ./src/MDMA_Program.o
 .debug_line    0x00006c44       0xcf ./src/MEXTI_Config.o
 .debug_line    0x00006d13      0x24c ./src/MEXTI_Program.o
 .debug_line    0x00006f5f      0x29b ./src/MGPIO_Program.o
 .debug_line    0x000071fa      0x151 ./src/MNVIC_Program.o
 .debug_line    0x0000734b      0x1cc ./src/MRCC_Program.o
 .debug_line    0x00007517      0x18a ./src/MSPI_Program.o
 .debug_line    0x000076a1      0x275 ./src/MSYSTICK_Program.o
 .debug_line    0x00007916      0x273 ./src/MUSART_Program.o
 .debug_line    0x00007b89      0x99d ./src/_initialize_hardware.o
 .debug_line    0x00008526      0x329 ./src/main.o
 .debug_line    0x0000884f      0x99e ./src/stm32f4xx_hal_msp.o

.debug_frame    0x00000000     0x189c
 *(.debug_frame)
 .debug_frame   0x00000000      0x188 ./system/src/stm32f4-hal/stm32f4xx_hal.o
 .debug_frame   0x00000188      0x17c ./system/src/stm32f4-hal/stm32f4xx_hal_cortex.o
 .debug_frame   0x00000304      0x140 ./system/src/stm32f4-hal/stm32f4xx_hal_rcc.o
 .debug_frame   0x00000444       0x38 ./system/src/newlib/_exit.o
 .debug_frame   0x0000047c       0x28 ./system/src/newlib/_sbrk.o
 .debug_frame   0x000004a4       0x7c ./system/src/newlib/_startup.o
 .debug_frame   0x00000520       0x50 ./system/src/newlib/_syscalls.o
 .debug_frame   0x00000570       0x40 ./system/src/newlib/assert.o
 .debug_frame   0x000005b0       0x94 ./system/src/diag/Trace.o
 .debug_frame   0x00000644       0x64 ./system/src/diag/trace_impl.o
 .debug_frame   0x000006a8       0x40 ./system/src/cortexm/_initialize_hardware.o
 .debug_frame   0x000006e8      0x158 ./system/src/cortexm/exception_handlers.o
 .debug_frame   0x00000840       0x30 ./system/src/cmsis/system_stm32f4xx.o
 .debug_frame   0x00000870       0x20 ./system/src/cmsis/vectors_stm32f401xc.o
 .debug_frame   0x00000890       0x6c ./src/HDAC_Program.o
 .debug_frame   0x000008fc       0x80 ./src/HIR_Program.o
 .debug_frame   0x0000097c      0x1b0 ./src/HS2P_Program.o
 .debug_frame   0x00000b2c       0xf0 ./src/HTFT_Program.o
 .debug_frame   0x00000c1c      0x18c ./src/MDMA_Program.o
 .debug_frame   0x00000da8      0x160 ./src/MEXTI_Program.o
 .debug_frame   0x00000f08       0xf4 ./src/MGPIO_Program.o
 .debug_frame   0x00000ffc       0xb0 ./src/MNVIC_Program.o
 .debug_frame   0x000010ac       0xa0 ./src/MRCC_Program.o
 .debug_frame   0x0000114c       0xbc ./src/MSPI_Program.o
 .debug_frame   0x00001208      0x158 ./src/MSYSTICK_Program.o
 .debug_frame   0x00001360      0x12c ./src/MUSART_Program.o
 .debug_frame   0x0000148c       0x4c ./src/_initialize_hardware.o
 .debug_frame   0x000014d8       0xac ./src/main.o
 .debug_frame   0x00001584       0x50 ./src/stm32f4xx_hal_msp.o
 .debug_frame   0x000015d4       0x20 c:/src/winarm/armgcc/bin/../lib/gcc/arm-none-eabi/7.2.1/../../../../arm-none-eabi/lib/thumb/v7e-m\libg_nano.a(lib_a-errno.o)
 .debug_frame   0x000015f4       0x4c c:/src/winarm/armgcc/bin/../lib/gcc/arm-none-eabi/7.2.1/../../../../arm-none-eabi/lib/thumb/v7e-m\libg_nano.a(lib_a-vsnprintf.o)
 .debug_frame   0x00001640       0x90 c:/src/winarm/armgcc/bin/../lib/gcc/arm-none-eabi/7.2.1/../../../../arm-none-eabi/lib/thumb/v7e-m\libg_nano.a(lib_a-nano-svfprintf.o)
 .debug_frame   0x000016d0       0x60 c:/src/winarm/armgcc/bin/../lib/gcc/arm-none-eabi/7.2.1/../../../../arm-none-eabi/lib/thumb/v7e-m\libg_nano.a(lib_a-nano-vfprintf_i.o)
 .debug_frame   0x00001730       0x28 c:/src/winarm/armgcc/bin/../lib/gcc/arm-none-eabi/7.2.1/../../../../arm-none-eabi/lib/thumb/v7e-m\libg_nano.a(lib_a-memcpy-stub.o)
 .debug_frame   0x00001758       0x28 c:/src/winarm/armgcc/bin/../lib/gcc/arm-none-eabi/7.2.1/../../../../arm-none-eabi/lib/thumb/v7e-m\libg_nano.a(lib_a-memmove.o)
 .debug_frame   0x00001780       0x38 c:/src/winarm/armgcc/bin/../lib/gcc/arm-none-eabi/7.2.1/../../../../arm-none-eabi/lib/thumb/v7e-m\libg_nano.a(lib_a-nano-freer.o)
 .debug_frame   0x000017b8       0x2c c:/src/winarm/armgcc/bin/../lib/gcc/arm-none-eabi/7.2.1/../../../../arm-none-eabi/lib/thumb/v7e-m\libg_nano.a(lib_a-nano-mallocr.o)
 .debug_frame   0x000017e4       0x3c c:/src/winarm/armgcc/bin/../lib/gcc/arm-none-eabi/7.2.1/../../../../arm-none-eabi/lib/thumb/v7e-m\libg_nano.a(lib_a-nano-reallocr.o)
 .debug_frame   0x00001820       0x2c c:/src/winarm/armgcc/bin/../lib/gcc/arm-none-eabi/7.2.1/../../../../arm-none-eabi/lib/thumb/v7e-m\libg_nano.a(lib_a-sbrkr.o)
 .debug_frame   0x0000184c       0x30 c:/src/winarm/armgcc/bin/../lib/gcc/arm-none-eabi/7.2.1/../../../../arm-none-eabi/lib/thumb/v7e-m\libg_nano.a(lib_a-mlock.o)
 .debug_frame   0x0000187c       0x20 c:/src/winarm/armgcc/bin/../lib/gcc/arm-none-eabi/7.2.1/../../../../arm-none-eabi/lib/thumb/v7e-m\libg_nano.a(lib_a-nano-msizer.o)

.debug_str      0x00000000    0x78a77
 *(.debug_str)
 .debug_str     0x00000000    0x6fc49 ./system/src/stm32f4-hal/stm32f4xx_hal.o
                              0x70082 (size before relaxing)
 .debug_str     0x0006fc49      0x391 ./system/src/stm32f4-hal/stm32f4xx_hal_cortex.o
                              0x6feec (size before relaxing)
 .debug_str     0x0006ffda      0x3fa ./system/src/stm32f4-hal/stm32f4xx_hal_rcc.o
                              0x6fc04 (size before relaxing)
 .debug_str     0x000703d4     0x10ff ./system/src/newlib/_exit.o
                               0x7ee3 (size before relaxing)
 .debug_str     0x000714d3      0x4f5 ./system/src/newlib/_sbrk.o
                               0x7295 (size before relaxing)
 .debug_str     0x000719c8      0x2c6 ./system/src/newlib/_startup.o
                               0x6a36 (size before relaxing)
 .debug_str     0x00071c8e      0xe8b ./system/src/newlib/_syscalls.o
                               0x8170 (size before relaxing)
 .debug_str     0x00072b19       0xd0 ./system/src/newlib/assert.o
                               0x89e8 (size before relaxing)
 .debug_str     0x00072be9      0x176 ./system/src/diag/Trace.o
                               0x865b (size before relaxing)
 .debug_str     0x00072d5f      0x37b ./system/src/diag/trace_impl.o
                              0x70981 (size before relaxing)
 .debug_str     0x000730da       0x5e ./system/src/cortexm/_initialize_hardware.o
                              0x6f713 (size before relaxing)
 .debug_str     0x00073138      0x19d ./system/src/cortexm/exception_handlers.o
                              0x70b0b (size before relaxing)
 .debug_str     0x000732d5       0x46 ./system/src/cmsis/system_stm32f4xx.o
                              0x6f7f4 (size before relaxing)
 .debug_str     0x0007331b       0x59 ./system/src/cmsis/vectors_stm32f401xc.o
                               0x3873 (size before relaxing)
 .debug_str     0x00073374      0x77f ./src/HDAC_Program.o
                               0x350c (size before relaxing)
 .debug_str     0x00073af3      0x6a8 ./src/HIR_Program.o
                               0x3913 (size before relaxing)
 .debug_str     0x0007419b      0x45e ./src/HS2P_Program.o
                               0x371e (size before relaxing)
 .debug_str     0x000745f9      0x460 ./src/HTFT_Program.o
                               0x373d (size before relaxing)
 .debug_str     0x00074a59     0x13a3 ./src/MDMA_Program.o
                               0x4279 (size before relaxing)
 .debug_str     0x00075dfc      0x202 ./src/MEXTI_Config.o
                               0x31d3 (size before relaxing)
 .debug_str     0x00075ffe      0x1df ./src/MEXTI_Program.o
                               0x33d0 (size before relaxing)
 .debug_str     0x000761dd      0x37c ./src/MGPIO_Program.o
                               0x365a (size before relaxing)
 .debug_str     0x00076559      0x2a5 ./src/MNVIC_Program.o
                               0x35ae (size before relaxing)
 .debug_str     0x000767fe      0x7ff ./src/MRCC_Program.o
                               0x37bc (size before relaxing)
 .debug_str     0x00076ffd      0xa8a ./src/MSPI_Program.o
                               0x39f9 (size before relaxing)
 .debug_str     0x00077a87      0x357 ./src/MSYSTICK_Program.o
                               0x3744 (size before relaxing)
 .debug_str     0x00077dde      0xa67 ./src/MUSART_Program.o
                               0x3dd3 (size before relaxing)
 .debug_str     0x00078845       0x31 ./src/_initialize_hardware.o
                              0x6f90a (size before relaxing)
 .debug_str     0x00078876      0x1c4 ./src/main.o
                               0x3d1d (size before relaxing)
 .debug_str     0x00078a3a       0x3d ./src/stm32f4xx_hal_msp.o
                              0x6f65b (size before relaxing)

.debug_loc      0x00000000     0x3739
 *(.debug_loc)
 .debug_loc     0x00000000       0x92 ./system/src/stm32f4-hal/stm32f4xx_hal.o
 .debug_loc     0x00000092      0x73b ./system/src/stm32f4-hal/stm32f4xx_hal_cortex.o
 .debug_loc     0x000007cd      0x50a ./system/src/stm32f4-hal/stm32f4xx_hal_rcc.o
 .debug_loc     0x00000cd7       0x85 ./system/src/newlib/_sbrk.o
 .debug_loc     0x00000d5c      0x2cb ./system/src/newlib/_startup.o
 .debug_loc     0x00001027       0x63 ./system/src/newlib/_syscalls.o
 .debug_loc     0x0000108a      0x134 ./system/src/newlib/assert.o
 .debug_loc     0x000011be       0xf6 ./system/src/diag/Trace.o
 .debug_loc     0x000012b4      0x121 ./system/src/diag/trace_impl.o
 .debug_loc     0x000013d5      0x291 ./system/src/cortexm/exception_handlers.o
 .debug_loc     0x00001666      0x13e ./system/src/cmsis/system_stm32f4xx.o
 .debug_loc     0x000017a4       0x54 ./src/HDAC_Program.o
 .debug_loc     0x000017f8       0x35 ./src/HIR_Program.o
 .debug_loc     0x0000182d      0x5a3 ./src/HS2P_Program.o
 .debug_loc     0x00001dd0      0x1b8 ./src/HTFT_Program.o
 .debug_loc     0x00001f88      0x44c ./src/MDMA_Program.o
 .debug_loc     0x000023d4      0x1b7 ./src/MEXTI_Program.o
 .debug_loc     0x0000258b      0x6b9 ./src/MGPIO_Program.o
 .debug_loc     0x00002c44      0x1df ./src/MNVIC_Program.o
 .debug_loc     0x00002e23      0x2b5 ./src/MRCC_Program.o
 .debug_loc     0x000030d8       0xfd ./src/MSPI_Program.o
 .debug_loc     0x000031d5      0x2f7 ./src/MSYSTICK_Program.o
 .debug_loc     0x000034cc      0x1a1 ./src/MUSART_Program.o
 .debug_loc     0x0000366d       0xcc ./src/main.o

.debug_macinfo
 *(.debug_macinfo)

.debug_weaknames
 *(.debug_weaknames)

.debug_funcnames
 *(.debug_funcnames)

.debug_typenames
 *(.debug_typenames)

.debug_varnames
 *(.debug_varnames)
OUTPUT(ARM_FIRMWARE.elf elf32-littlearm)

.debug_ranges   0x00000000      0x908
 .debug_ranges  0x00000000       0xb0 ./system/src/stm32f4-hal/stm32f4xx_hal.o
 .debug_ranges  0x000000b0       0xe8 ./system/src/stm32f4-hal/stm32f4xx_hal_cortex.o
 .debug_ranges  0x00000198       0x78 ./system/src/stm32f4-hal/stm32f4xx_hal_rcc.o
 .debug_ranges  0x00000210       0x18 ./system/src/newlib/_exit.o
 .debug_ranges  0x00000228       0x10 ./system/src/newlib/_sbrk.o
 .debug_ranges  0x00000238       0x90 ./system/src/newlib/_startup.o
 .debug_ranges  0x000002c8       0x20 ./system/src/newlib/_syscalls.o
 .debug_ranges  0x000002e8       0x18 ./system/src/newlib/assert.o
 .debug_ranges  0x00000300       0x28 ./system/src/diag/Trace.o
 .debug_ranges  0x00000328       0x50 ./system/src/diag/trace_impl.o
 .debug_ranges  0x00000378       0x18 ./system/src/cortexm/_initialize_hardware.o
 .debug_ranges  0x00000390       0x80 ./system/src/cortexm/exception_handlers.o
 .debug_ranges  0x00000410       0x18 ./system/src/cmsis/system_stm32f4xx.o
 .debug_ranges  0x00000428       0x10 ./system/src/cmsis/vectors_stm32f401xc.o
 .debug_ranges  0x00000438       0x28 ./src/HDAC_Program.o
 .debug_ranges  0x00000460       0x30 ./src/HIR_Program.o
 .debug_ranges  0x00000490       0x88 ./src/HS2P_Program.o
 .debug_ranges  0x00000518       0x48 ./src/HTFT_Program.o
 .debug_ranges  0x00000560       0x78 ./src/MDMA_Program.o
 .debug_ranges  0x000005d8       0x88 ./src/MEXTI_Program.o
 .debug_ranges  0x00000660       0x58 ./src/MGPIO_Program.o
 .debug_ranges  0x000006b8       0x40 ./src/MNVIC_Program.o
 .debug_ranges  0x000006f8       0x50 ./src/MRCC_Program.o
 .debug_ranges  0x00000748       0x40 ./src/MSPI_Program.o
 .debug_ranges  0x00000788       0xa0 ./src/MSYSTICK_Program.o
 .debug_ranges  0x00000828       0x70 ./src/MUSART_Program.o
 .debug_ranges  0x00000898       0x18 ./src/_initialize_hardware.o
 .debug_ranges  0x000008b0       0x30 ./src/main.o
 .debug_ranges  0x000008e0       0x28 ./src/stm32f4xx_hal_msp.o

.debug_macro    0x00000000    0x165f6
 .debug_macro   0x00000000      0x532 ./system/src/stm32f4-hal/stm32f4xx_hal.o
 .debug_macro   0x00000532      0xa6c ./system/src/stm32f4-hal/stm32f4xx_hal.o
 .debug_macro   0x00000f9e      0x289 ./system/src/stm32f4-hal/stm32f4xx_hal.o
 .debug_macro   0x00001227       0x31 ./system/src/stm32f4-hal/stm32f4xx_hal.o
 .debug_macro   0x00001258       0x28 ./system/src/stm32f4-hal/stm32f4xx_hal.o
 .debug_macro   0x00001280      0x34e ./system/src/stm32f4-hal/stm32f4xx_hal.o
 .debug_macro   0x000015ce       0x35 ./system/src/stm32f4-hal/stm32f4xx_hal.o
 .debug_macro   0x00001603       0x50 ./system/src/stm32f4-hal/stm32f4xx_hal.o
 .debug_macro   0x00001653      0xe66 ./system/src/stm32f4-hal/stm32f4xx_hal.o
 .debug_macro   0x000024b9     0x5099 ./system/src/stm32f4-hal/stm32f4xx_hal.o
 .debug_macro   0x00007552       0x43 ./system/src/stm32f4-hal/stm32f4xx_hal.o
 .debug_macro   0x00007595     0x347f ./system/src/stm32f4-hal/stm32f4xx_hal.o
 .debug_macro   0x0000aa14       0x22 ./system/src/stm32f4-hal/stm32f4xx_hal.o
 .debug_macro   0x0000aa36       0x52 ./system/src/stm32f4-hal/stm32f4xx_hal.o
 .debug_macro   0x0000aa88       0x17 ./system/src/stm32f4-hal/stm32f4xx_hal.o
 .debug_macro   0x0000aa9f       0x8d ./system/src/stm32f4-hal/stm32f4xx_hal.o
 .debug_macro   0x0000ab2c       0x35 ./system/src/stm32f4-hal/stm32f4xx_hal.o
 .debug_macro   0x0000ab61       0x9c ./system/src/stm32f4-hal/stm32f4xx_hal.o
 .debug_macro   0x0000abfd       0x16 ./system/src/stm32f4-hal/stm32f4xx_hal.o
 .debug_macro   0x0000ac13       0x57 ./system/src/stm32f4-hal/stm32f4xx_hal.o
 .debug_macro   0x0000ac6a       0x97 ./system/src/stm32f4-hal/stm32f4xx_hal.o
 .debug_macro   0x0000ad01      0x330 ./system/src/stm32f4-hal/stm32f4xx_hal.o
 .debug_macro   0x0000b031       0xfd ./system/src/stm32f4-hal/stm32f4xx_hal.o
 .debug_macro   0x0000b12e       0x10 ./system/src/stm32f4-hal/stm32f4xx_hal.o
 .debug_macro   0x0000b13e       0x58 ./system/src/stm32f4-hal/stm32f4xx_hal.o
 .debug_macro   0x0000b196       0x1f ./system/src/stm32f4-hal/stm32f4xx_hal.o
 .debug_macro   0x0000b1b5       0x43 ./system/src/stm32f4-hal/stm32f4xx_hal.o
 .debug_macro   0x0000b1f8       0x20 ./system/src/stm32f4-hal/stm32f4xx_hal.o
 .debug_macro   0x0000b218      0x18e ./system/src/stm32f4-hal/stm32f4xx_hal.o
 .debug_macro   0x0000b3a6       0x10 ./system/src/stm32f4-hal/stm32f4xx_hal.o
 .debug_macro   0x0000b3b6       0x6a ./system/src/stm32f4-hal/stm32f4xx_hal.o
 .debug_macro   0x0000b420       0x1c ./system/src/stm32f4-hal/stm32f4xx_hal.o
 .debug_macro   0x0000b43c       0x52 ./system/src/stm32f4-hal/stm32f4xx_hal.o
 .debug_macro   0x0000b48e       0x40 ./system/src/stm32f4-hal/stm32f4xx_hal.o
 .debug_macro   0x0000b4ce       0x10 ./system/src/stm32f4-hal/stm32f4xx_hal.o
 .debug_macro   0x0000b4de       0x40 ./system/src/stm32f4-hal/stm32f4xx_hal.o
 .debug_macro   0x0000b51e       0xd7 ./system/src/stm32f4-hal/stm32f4xx_hal.o
 .debug_macro   0x0000b5f5       0x1c ./system/src/stm32f4-hal/stm32f4xx_hal.o
 .debug_macro   0x0000b611       0x3d ./system/src/stm32f4-hal/stm32f4xx_hal.o
 .debug_macro   0x0000b64e       0x16 ./system/src/stm32f4-hal/stm32f4xx_hal.o
 .debug_macro   0x0000b664      0x16f ./system/src/stm32f4-hal/stm32f4xx_hal.o
 .debug_macro   0x0000b7d3       0x57 ./system/src/stm32f4-hal/stm32f4xx_hal.o
 .debug_macro   0x0000b82a      0x424 ./system/src/stm32f4-hal/stm32f4xx_hal.o
 .debug_macro   0x0000bc4e      0x9e1 ./system/src/stm32f4-hal/stm32f4xx_hal.o
 .debug_macro   0x0000c62f      0x11e ./system/src/stm32f4-hal/stm32f4xx_hal.o
 .debug_macro   0x0000c74d       0xf8 ./system/src/stm32f4-hal/stm32f4xx_hal.o
 .debug_macro   0x0000c845       0x27 ./system/src/stm32f4-hal/stm32f4xx_hal.o
 .debug_macro   0x0000c86c      0x287 ./system/src/stm32f4-hal/stm32f4xx_hal.o
 .debug_macro   0x0000caf3       0x5f ./system/src/stm32f4-hal/stm32f4xx_hal.o
 .debug_macro   0x0000cb52      0x23a ./system/src/stm32f4-hal/stm32f4xx_hal.o
 .debug_macro   0x0000cd8c      0x391 ./system/src/stm32f4-hal/stm32f4xx_hal.o
 .debug_macro   0x0000d11d      0x16f ./system/src/stm32f4-hal/stm32f4xx_hal.o
 .debug_macro   0x0000d28c       0xf9 ./system/src/stm32f4-hal/stm32f4xx_hal.o
 .debug_macro   0x0000d385       0x23 ./system/src/stm32f4-hal/stm32f4xx_hal.o
 .debug_macro   0x0000d3a8      0x13a ./system/src/stm32f4-hal/stm32f4xx_hal.o
 .debug_macro   0x0000d4e2      0x23a ./system/src/stm32f4-hal/stm32f4xx_hal.o
 .debug_macro   0x0000d71c       0x2e ./system/src/stm32f4-hal/stm32f4xx_hal.o
 .debug_macro   0x0000d74a      0x1a7 ./system/src/stm32f4-hal/stm32f4xx_hal.o
 .debug_macro   0x0000d8f1       0x22 ./system/src/stm32f4-hal/stm32f4xx_hal.o
 .debug_macro   0x0000d913       0xa5 ./system/src/stm32f4-hal/stm32f4xx_hal.o
 .debug_macro   0x0000d9b8      0x18b ./system/src/stm32f4-hal/stm32f4xx_hal.o
 .debug_macro   0x0000db43       0x24 ./system/src/stm32f4-hal/stm32f4xx_hal.o
 .debug_macro   0x0000db67       0x35 ./system/src/stm32f4-hal/stm32f4xx_hal.o
 .debug_macro   0x0000db9c       0x79 ./system/src/stm32f4-hal/stm32f4xx_hal.o
 .debug_macro   0x0000dc15      0x11e ./system/src/stm32f4-hal/stm32f4xx_hal.o
 .debug_macro   0x0000dd33       0x85 ./system/src/stm32f4-hal/stm32f4xx_hal.o
 .debug_macro   0x0000ddb8       0x89 ./system/src/stm32f4-hal/stm32f4xx_hal.o
 .debug_macro   0x0000de41      0x31a ./system/src/stm32f4-hal/stm32f4xx_hal.o
 .debug_macro   0x0000e15b      0x409 ./system/src/stm32f4-hal/stm32f4xx_hal.o
 .debug_macro   0x0000e564       0xe4 ./system/src/stm32f4-hal/stm32f4xx_hal.o
 .debug_macro   0x0000e648      0x48d ./system/src/stm32f4-hal/stm32f4xx_hal.o
 .debug_macro   0x0000ead5      0x22b ./system/src/stm32f4-hal/stm32f4xx_hal.o
 .debug_macro   0x0000ed00      0x202 ./system/src/stm32f4-hal/stm32f4xx_hal.o
 .debug_macro   0x0000ef02      0x6d9 ./system/src/stm32f4-hal/stm32f4xx_hal.o
 .debug_macro   0x0000f5db       0x5b ./system/src/stm32f4-hal/stm32f4xx_hal.o
 .debug_macro   0x0000f636      0x14d ./system/src/stm32f4-hal/stm32f4xx_hal.o
 .debug_macro   0x0000f783      0x287 ./system/src/stm32f4-hal/stm32f4xx_hal.o
 .debug_macro   0x0000fa0a      0x225 ./system/src/stm32f4-hal/stm32f4xx_hal.o
 .debug_macro   0x0000fc2f      0x1b5 ./system/src/stm32f4-hal/stm32f4xx_hal.o
 .debug_macro   0x0000fde4      0x2db ./system/src/stm32f4-hal/stm32f4xx_hal.o
 .debug_macro   0x000100bf       0x89 ./system/src/stm32f4-hal/stm32f4xx_hal.o
 .debug_macro   0x00010148      0x1df ./system/src/stm32f4-hal/stm32f4xx_hal.o
 .debug_macro   0x00010327      0x115 ./system/src/stm32f4-hal/stm32f4xx_hal.o
 .debug_macro   0x0001043c       0x6e ./system/src/stm32f4-hal/stm32f4xx_hal.o
 .debug_macro   0x000104aa      0x11e ./system/src/stm32f4-hal/stm32f4xx_hal.o
 .debug_macro   0x000105c8      0x4e4 ./system/src/stm32f4-hal/stm32f4xx_hal_cortex.o
 .debug_macro   0x00010aac      0x50e ./system/src/stm32f4-hal/stm32f4xx_hal_rcc.o
 .debug_macro   0x00010fba      0x1b4 ./system/src/newlib/_exit.o
 .debug_macro   0x0001116e      0x10e ./system/src/newlib/_exit.o
 .debug_macro   0x0001127c       0x8d ./system/src/newlib/_exit.o
 .debug_macro   0x00011309       0x35 ./system/src/newlib/_exit.o
 .debug_macro   0x0001133e      0x169 ./system/src/newlib/_sbrk.o
 .debug_macro   0x000114a7      0x174 ./system/src/newlib/_sbrk.o
 .debug_macro   0x0001161b       0x10 ./system/src/newlib/_sbrk.o
 .debug_macro   0x0001162b      0x23b ./system/src/newlib/_sbrk.o
 .debug_macro   0x00011866      0x173 ./system/src/newlib/_startup.o
 .debug_macro   0x000119d9      0xa72 ./system/src/newlib/_startup.o
 .debug_macro   0x0001244b      0x217 ./system/src/newlib/_syscalls.o
 .debug_macro   0x00012662       0x1c ./system/src/newlib/_syscalls.o
 .debug_macro   0x0001267e       0x10 ./system/src/newlib/_syscalls.o
 .debug_macro   0x0001268e       0x10 ./system/src/newlib/_syscalls.o
 .debug_macro   0x0001269e       0x10 ./system/src/newlib/_syscalls.o
 .debug_macro   0x000126ae       0x35 ./system/src/newlib/_syscalls.o
 .debug_macro   0x000126e3      0x122 ./system/src/newlib/_syscalls.o
 .debug_macro   0x00012805       0x88 ./system/src/newlib/_syscalls.o
 .debug_macro   0x0001288d       0x2b ./system/src/newlib/_syscalls.o
 .debug_macro   0x000128b8      0x118 ./system/src/newlib/_syscalls.o
 .debug_macro   0x000129d0      0x189 ./system/src/newlib/_syscalls.o
 .debug_macro   0x00012b59       0x16 ./system/src/newlib/_syscalls.o
 .debug_macro   0x00012b6f      0x1d0 ./system/src/newlib/assert.o
 .debug_macro   0x00012d3f       0x1c ./system/src/newlib/assert.o
 .debug_macro   0x00012d5b      0x1fb ./system/src/diag/Trace.o
 .debug_macro   0x00012f56       0x4c ./system/src/diag/Trace.o
 .debug_macro   0x00012fa2       0x16 ./system/src/diag/Trace.o
 .debug_macro   0x00012fb8      0x52a ./system/src/diag/trace_impl.o
 .debug_macro   0x000134e2       0x22 ./system/src/diag/trace_impl.o
 .debug_macro   0x00013504      0x4ee ./system/src/cortexm/_initialize_hardware.o
 .debug_macro   0x000139f2      0x557 ./system/src/cortexm/exception_handlers.o
 .debug_macro   0x00013f49       0x3b ./system/src/cortexm/exception_handlers.o
 .debug_macro   0x00013f84      0x4ea ./system/src/cmsis/system_stm32f4xx.o
 .debug_macro   0x0001446e       0x34 ./system/src/cmsis/vectors_stm32f401xc.o
 .debug_macro   0x000144a2       0x52 ./src/HDAC_Program.o
 .debug_macro   0x000144f4       0x10 ./src/HDAC_Program.o
 .debug_macro   0x00014504       0x34 ./src/HDAC_Program.o
 .debug_macro   0x00014538      0x160 ./src/HDAC_Program.o
 .debug_macro   0x00014698       0x52 ./src/HDAC_Program.o
 .debug_macro   0x000146ea       0x2e ./src/HDAC_Program.o
 .debug_macro   0x00014718       0x65 ./src/HIR_Program.o
 .debug_macro   0x0001477d       0x16 ./src/HIR_Program.o
 .debug_macro   0x00014793       0x16 ./src/HIR_Program.o
 .debug_macro   0x000147a9      0x178 ./src/HIR_Program.o
 .debug_macro   0x00014921       0x52 ./src/HS2P_Program.o
 .debug_macro   0x00014973       0x6a ./src/HS2P_Program.o
 .debug_macro   0x000149dd       0x34 ./src/HS2P_Program.o
 .debug_macro   0x00014a11       0x5c ./src/HTFT_Program.o
 .debug_macro   0x00014a6d       0x40 ./src/HTFT_Program.o
 .debug_macro   0x00014aad       0x94 ./src/HTFT_Program.o
 .debug_macro   0x00014b41       0x3e ./src/MDMA_Program.o
 .debug_macro   0x00014b7f      0x290 ./src/MDMA_Program.o
 .debug_macro   0x00014e0f      0x2b5 ./src/MDMA_Program.o
 .debug_macro   0x000150c4       0x16 ./src/MDMA_Program.o
 .debug_macro   0x000150da       0x3f ./src/MEXTI_Config.o
 .debug_macro   0x00015119       0x10 ./src/MEXTI_Config.o
 .debug_macro   0x00015129       0x3a ./src/MEXTI_Config.o
 .debug_macro   0x00015163       0x3f ./src/MEXTI_Program.o
 .debug_macro   0x000151a2       0x3f ./src/MGPIO_Program.o
 .debug_macro   0x000151e1       0x6a ./src/MGPIO_Program.o
 .debug_macro   0x0001524b       0x3f ./src/MNVIC_Program.o
 .debug_macro   0x0001528a       0x34 ./src/MNVIC_Program.o
 .debug_macro   0x000152be       0x3e ./src/MRCC_Program.o
 .debug_macro   0x000152fc      0x13c ./src/MRCC_Program.o
 .debug_macro   0x00015438       0xac ./src/MRCC_Program.o
 .debug_macro   0x000154e4       0x16 ./src/MRCC_Program.o
 .debug_macro   0x000154fa       0x3f ./src/MSPI_Program.o
 .debug_macro   0x00015539       0x5e ./src/MSPI_Program.o
 .debug_macro   0x00015597      0x220 ./src/MSPI_Program.o
 .debug_macro   0x000157b7       0x48 ./src/MSYSTICK_Program.o
 .debug_macro   0x000157ff       0x16 ./src/MSYSTICK_Program.o
 .debug_macro   0x00015815       0x58 ./src/MSYSTICK_Program.o
 .debug_macro   0x0001586d       0x48 ./src/MUSART_Program.o
 .debug_macro   0x000158b5       0x10 ./src/MUSART_Program.o
 .debug_macro   0x000158c5      0x1ed ./src/MUSART_Program.o
 .debug_macro   0x00015ab2       0x88 ./src/MUSART_Program.o
 .debug_macro   0x00015b3a      0x4e4 ./src/_initialize_hardware.o
 .debug_macro   0x0001601e       0xc0 ./src/main.o
 .debug_macro   0x000160de       0x34 ./src/main.o
 .debug_macro   0x00016112      0x4e4 ./src/stm32f4xx_hal_msp.o
